Microchip MPLAB XC8 Compiler V3.10

Linker command line:

-W-3 \
  --edf=C:\Program Files\Microchip\xc8\v3.10\pic\dat\20250813170317_en.msgs \
  -cn -h+dist/default/production\tstTC74LCD.X.production.sym \
  --cmf=dist/default/production\tstTC74LCD.X.production.cmf -z -Q16F18875 \
  -oC:\Users\ptava\AppData\Local\Temp\xcAsg18.0\driver_tmp_3.o \
  --defsym=__MPLAB_BUILD=1 --fixupoverflow=error \
  -Mdist/default/production/tstTC74LCD.X.production.map \
  --md=C:\Users\ptava\AppData\Local\Temp\xcAsg18.0\driver_tmp_0.dat -E1 \
  -ver=XC8 Compiler -ACODE=00h-07FFhx4 -ASTRCODE=00h-01FFFh \
  -ASTRING=00h-0FFhx32 -ACONST=00h-0FFhx32 -AENTRY=00h-0FFhx32 \
  -ACOMMON=070h-07Fh -ABANK0=020h-06Fh -ABANK1=0A0h-0EFh \
  -ABANK2=0120h-016Fh -ABANK3=01A0h-01EFh -ABANK4=0220h-026Fh \
  -ABANK5=02A0h-02EFh -ABANK6=0320h-036Fh -ABANK7=03A0h-03EFh \
  -ABANK8=0420h-046Fh -ABANK9=04A0h-04EFh -ABANK10=0520h-056Fh \
  -ABANK11=05A0h-05EFh -ABANK12=0620h-064Fh -ABIGRAM=02000h-023EFh \
  -ARAM=020h-06Fh,0A0h-0EFh,0120h-016Fh,01A0h-01EFh,0220h-026Fh,02A0h-02EFh,0320h-036Fh,03A0h-03EFh,0420h-046Fh,04A0h-04EFh,0520h-056Fh,05A0h-05EFh,0620h-064Fh \
  -AABS1=020h-07Fh,0A0h-0EFh,0120h-016Fh,01A0h-01EFh,0220h-026Fh,02A0h-02EFh,0320h-036Fh,03A0h-03EFh,0420h-046Fh,04A0h-04EFh,0520h-056Fh,05A0h-05EFh,0620h-064Fh \
  -ASFR0=00h-01Fh -ASFR1=080h-09Fh -ASFR2=0100h-011Fh -ASFR3=0180h-019Fh \
  -ASFR4=0200h-021Fh -ASFR5=0280h-029Fh -ASFR6=0300h-031Fh \
  -ASFR7=0380h-039Fh -ASFR8=0400h-041Fh -ASFR9=0480h-049Fh \
  -ASFR10=0500h-051Fh -ASFR11=0580h-059Fh -ASFR12=0600h-061Fh \
  -ASFR13=0680h-06EFh -ASFR14=0700h-076Fh -ASFR15=0780h-07EFh \
  -ASFR16=0800h-086Fh -ASFR17=0880h-08EFh -ASFR18=0900h-096Fh \
  -ASFR19=0980h-09EFh -ASFR20=0A00h-0A6Fh -ASFR21=0A80h-0AEFh \
  -ASFR22=0B00h-0B6Fh -ASFR23=0B80h-0BEFh -ASFR24=0C00h-0C6Fh \
  -ASFR25=0C80h-0CEFh -ASFR26=0D00h-0D6Fh -ASFR27=0D80h-0DEFh \
  -ASFR28=0E00h-0E6Fh -ASFR29=0E80h-0EEFh -ASFR30=0F00h-0F6Fh \
  -ASFR31=0F80h-0FEFh -ACONFIG=08007h-0800Bh -DCONFIG=2 \
  -AIDLOC=08000h-08003h -DIDLOC=2 -AEEDATA=00h-0FFh/0F000h \
  -peeprom_data=EEDATA -DEEDATA=2 -DCODE=2 -DSTRCODE=2 -DSTRING=2 -DCONST=2 \
  -DENTRY=2 -preset_vec=00h,intentry=04h,sivt,init,end_init -ppowerup=CODE \
  -pcinit=CODE -pfunctab=ENTRY -k \
  C:\Users\ptava\AppData\Local\Temp\xcAsg18.0\driver_tmp_20.o \
  dist/default/production\tstTC74LCD.X.production.o 

Object code version is 3.11

Machine type is 16F18875



                Name                               Link     Load   Length Selector   Space Scale
C:\Users\ptava\AppData\Local\Temp\xcAsg18.0\driver_tmp_20.o
                end_init                             4C       4C        2        8       0
                reset_vec                             0        0        2        0       0
                config                             8007     8007        5        0       4
                idloc                              8000     8000        4        0       5
dist/default/production\tstTC74LCD.X.production.o
                cinit                                4E       4E       1F        8       0
                intentry                              4        4       48        8       0
                config                             8007     8007        5        0       4
                idloc                              8000     8000        4        0       5
                text71                              93E      93E        1     127C       0
                text70                              9C9      9C9        D     1392       0
                text69                              951      951        6     12A2       0
                text68                              93F      93F        1     127E       0
                text67                              9F0      9F0        F     13E0       0
                text66                              98C      98C        9     1318       0
                text65                              940      940        1     1280       0
                text64                              9FF      9FF        F     13FE       0
                text63                              941      941        1     1282       0
                text62                              A0E      A0E        F     141C       0
                text61                              942      942        1     1284       0
                text60                              AB9      AB9       18     1572       0
                text59                              A1D      A1D       11     143A       0
                text58                              AA2      AA2       17     1544       0
                text56                              9B2      9B2        B     1364       0
                text55                              957      957        6     12AE       0
                text54                              944      944        3     1288       0
                text53                              A2E      A2E       12     145C       0
                text52                              99E      99E        A     133C       0
                text51                              9D6      9D6        D     13AC       0
                text50                              947      947        5     128E       0
                text49                              95D      95D        6     12BA       0
                text48                              9E3      9E3        D     13C6       0
                text47                              9A8      9A8        A     1350       0
                text46                              995      995        9     132A       0
                text45                              963      963        6     12C6       0
                text44                              E04      E04       5A     1C08       0
                text43                              97C      97C        8     12F8       0
                text42                              9BD      9BD        C     137A       0
                text41                              969      969        6     12D2       0
                text40                              A64      A64       14     14C8       0
                text39                              96F      96F        6     12DE       0
                text38                              BA4      BA4       2A     1748       0
                text37                              AEB      AEB       1C     15D6       0
                text36                              C69      C69       4B     18D2       0
                text35                              7B7      7B7       43        8       0
                text34                              457      457       B1        8       0
                text33                              73B      73B       7C        8       0
                text32                              975      975        7     12EA       0
                text31                              984      984        8     1308       0
                text30                              A78      A78       15     14F0       0
                text29                              943      943        1     1286       0
                text28                              DAB      DAB       59     1B56       0
                text27                              F15      F15       72     1E2A       0
                text26                              E5E      E5E       5B     1CBC       0
                text25                              CB4      CB4       51     1968       0
                text24                              A40      A40       12     1480       0
                text23                              B80      B80       24     1700       0
                text22                              A8D      A8D       15     151A       0
                text21                              D56      D56       55     1AAC       0
                text20                              39F      39F       B8        8       0
                text19                              B41      B41       1F     1682       0
                text18                              EB9      EB9       5C     1D72       0
                text17                              C2F      C2F       3A     185E       0
                text16                              BFD      BFD       32     17FA       0
                text15                              F87      F87       79     1F0E       0
                text14                               6D       6D      149        8       0
                text13                              BCE      BCE       2F     179C       0
                text12                              5AB      5AB       89        8       0
                text11                              508      508       A3        8       0
                text10                              A52      A52       12     14A4       0
                text9                               B07      B07       1D     160E       0
                text8                               94C      94C        5     1298       0
                text7                               B24      B24       1D     1648       0
                text6                               6BC      6BC       7F        8       0
                text5                               2BF      2BF       E0        8       0
                text4                               D05      D05       51     1A0A       0
                text3                               AD1      AD1       1A     15A2       0
                text2                               1B6      1B6      109        8       0
                text1                               B60      B60       20     16C0       0
                maintext                            634      634       88        8       0
                cstackBANK0                          20       20       50       20       1
                cstackCOMMON                         70       70        A       70       1
                cstackBANK1                          A0       A0       4D       A0       1
                cstackBANK2                         154      154       1A      120       1
                clrtext                             7FA      7FA        6        8       0
                bssBANK3                            1A0      1A0       24      1A0       1
                dataBANK2                           16E      16E        2      120       1
                bssBANK2                            120      120       34      120       1
                bssCOMMON                            7A       7A        2       70       1
                stringtext5                        1064     1064        7     2000       0
                stringtext4                        1055     1055        F     2000       0
                stringtext3                        103B     103B       1A     2000       0
                stringtext2                        1020     1020       1B     2000       0
                nvBANK3                             1C4      1C4        A      1A0       1
                stringtext1                        1000     1000       20     2000       0
                idataBANK2                            2        2        2        0       0

TOTAL           Name                               Link     Load   Length     Space
        CLASS   CODE           
                end_init                             4C       4C        2         0
                cinit                                4E       4E       1F         0
                intentry                              4        4       48         0
                reset_vec                             0        0        2         0
                text71                              93E      93E        1         0
                text70                              9C9      9C9        D         0
                text69                              951      951        6         0
                text68                              93F      93F        1         0
                text67                              9F0      9F0        F         0
                text66                              98C      98C        9         0
                text65                              940      940        1         0
                text64                              9FF      9FF        F         0
                text63                              941      941        1         0
                text62                              A0E      A0E        F         0
                text61                              942      942        1         0
                text60                              AB9      AB9       18         0
                text59                              A1D      A1D       11         0
                text58                              AA2      AA2       17         0
                text56                              9B2      9B2        B         0
                text55                              957      957        6         0
                text54                              944      944        3         0
                text53                              A2E      A2E       12         0
                text52                              99E      99E        A         0
                text51                              9D6      9D6        D         0
                text50                              947      947        5         0
                text49                              95D      95D        6         0
                text48                              9E3      9E3        D         0
                text47                              9A8      9A8        A         0
                text46                              995      995        9         0
                text45                              963      963        6         0
                text44                              E04      E04       5A         0
                text43                              97C      97C        8         0
                text42                              9BD      9BD        C         0
                text41                              969      969        6         0
                text40                              A64      A64       14         0
                text39                              96F      96F        6         0
                text38                              BA4      BA4       2A         0
                text37                              AEB      AEB       1C         0
                text36                              C69      C69       4B         0
                text35                              7B7      7B7       43         0
                text34                              457      457       B1         0
                text33                              73B      73B       7C         0
                text32                              975      975        7         0
                text31                              984      984        8         0
                text30                              A78      A78       15         0
                text29                              943      943        1         0
                text28                              DAB      DAB       59         0
                text27                              F15      F15       72         0
                text26                              E5E      E5E       5B         0
                text25                              CB4      CB4       51         0
                text24                              A40      A40       12         0
                text23                              B80      B80       24         0
                text22                              A8D      A8D       15         0
                text21                              D56      D56       55         0
                text20                              39F      39F       B8         0
                text19                              B41      B41       1F         0
                text18                              EB9      EB9       5C         0
                text17                              C2F      C2F       3A         0
                text16                              BFD      BFD       32         0
                text15                              F87      F87       79         0
                text14                               6D       6D      149         0
                text13                              BCE      BCE       2F         0
                text12                              5AB      5AB       89         0
                text11                              508      508       A3         0
                text10                              A52      A52       12         0
                text9                               B07      B07       1D         0
                text8                               94C      94C        5         0
                text7                               B24      B24       1D         0
                text6                               6BC      6BC       7F         0
                text5                               2BF      2BF       E0         0
                text4                               D05      D05       51         0
                text3                               AD1      AD1       1A         0
                text2                               1B6      1B6      109         0
                text1                               B60      B60       20         0
                maintext                            634      634       88         0
                clrtext                             7FA      7FA        6         0
                idataBANK2                            2        2        2         0

        CLASS   STRCODE        
                stringtext5                        1064     1064        7         0
                stringtext4                        1055     1055        F         0
                stringtext3                        103B     103B       1A         0
                stringtext2                        1020     1020       1B         0
                stringtext1                        1000     1000       20         0

        CLASS   STRING         

        CLASS   CONST          

        CLASS   ENTRY          

        CLASS   COMMON         
                cstackCOMMON                         70       70        A         1
                bssCOMMON                            7A       7A        2         1

        CLASS   BANK0          
                cstackBANK0                          20       20       50         1

        CLASS   BANK1          
                cstackBANK1                          A0       A0       4D         1

        CLASS   BANK2          
                cstackBANK2                         154      154       1A         1
                dataBANK2                           16E      16E        2         1
                bssBANK2                            120      120       34         1

        CLASS   BANK3          
                bssBANK3                            1A0      1A0       24         1
                nvBANK3                             1C4      1C4        A         1

        CLASS   BANK4          

        CLASS   BANK5          

        CLASS   BANK6          

        CLASS   BANK7          

        CLASS   BANK8          

        CLASS   BANK9          

        CLASS   BANK10         

        CLASS   BANK11         

        CLASS   BANK12         

        CLASS   BIGRAM         

        CLASS   RAM            

        CLASS   ABS1           
                abs_s1                               7E       7E        2         1

        CLASS   SFR0           

        CLASS   SFR1           

        CLASS   SFR2           

        CLASS   SFR3           

        CLASS   SFR4           

        CLASS   SFR5           

        CLASS   SFR6           

        CLASS   SFR7           

        CLASS   SFR8           

        CLASS   SFR9           

        CLASS   SFR10          

        CLASS   SFR11          

        CLASS   SFR12          

        CLASS   SFR13          

        CLASS   SFR14          

        CLASS   SFR15          

        CLASS   SFR16          

        CLASS   SFR17          

        CLASS   SFR18          

        CLASS   SFR19          

        CLASS   SFR20          

        CLASS   SFR21          

        CLASS   SFR22          

        CLASS   SFR23          

        CLASS   SFR24          

        CLASS   SFR25          

        CLASS   SFR26          

        CLASS   SFR27          

        CLASS   SFR28          

        CLASS   SFR29          

        CLASS   SFR30          

        CLASS   SFR31          

        CLASS   CONFIG         
                config                             8007     8007        5         4

        CLASS   IDLOC          
                idloc                              8000     8000        4         5

        CLASS   EEDATA         

        CLASS   BANK31         

        CLASS   BANK30         

        CLASS   BANK29         

        CLASS   BANK28         

        CLASS   BANK27         

        CLASS   BANK26         

        CLASS   BANK25         

        CLASS   BANK24         

        CLASS   BANK23         

        CLASS   BANK22         

        CLASS   BANK21         

        CLASS   BANK20         

        CLASS   BANK19         

        CLASS   BANK18         

        CLASS   BANK17         

        CLASS   BANK16         

        CLASS   BANK15         

        CLASS   BANK14         

        CLASS   BANK13         

        CLASS   HEAP           

        CLASS   STACK          



SEGMENTS        Name                           Load    Length   Top    Selector   Space  Class     Delta

                reset_vec                      000000  000004  000004         0       0  CODE        2
                intentry                       000004  0007FC  000800         8       0  CODE        2
                cstackBANK0                    000020  000050  000070        20       1  BANK0       1
                cstackCOMMON                   000070  00000C  00007C        70       1  COMMON      1
                cstackBANK1                    0000A0  00004D  0000ED        A0       1  BANK1       1
                bssBANK2                       000120  000050  000170       120       1  BANK2       1
                bssBANK3                       0001A0  00002E  0001CE       1A0       1  BANK3       1
                text71                         00093E  000001  00093F      127C       0  CODE        2
                text68                         00093F  000001  000940      127E       0  CODE        2
                text65                         000940  000001  000941      1280       0  CODE        2
                text63                         000941  000001  000942      1282       0  CODE        2
                text61                         000942  000001  000943      1284       0  CODE        2
                text29                         000943  000001  000944      1286       0  CODE        2
                text54                         000944  000003  000947      1288       0  CODE        2
                text50                         000947  000005  00094C      128E       0  CODE        2
                text8                          00094C  000005  000951      1298       0  CODE        2
                text69                         000951  000006  000957      12A2       0  CODE        2
                text55                         000957  000006  00095D      12AE       0  CODE        2
                text49                         00095D  000006  000963      12BA       0  CODE        2
                text45                         000963  000006  000969      12C6       0  CODE        2
                text41                         000969  000006  00096F      12D2       0  CODE        2
                text39                         00096F  000006  000975      12DE       0  CODE        2
                text32                         000975  000007  00097C      12EA       0  CODE        2
                text43                         00097C  000008  000984      12F8       0  CODE        2
                text31                         000984  000008  00098C      1308       0  CODE        2
                text66                         00098C  000009  000995      1318       0  CODE        2
                text46                         000995  000009  00099E      132A       0  CODE        2
                text52                         00099E  00000A  0009A8      133C       0  CODE        2
                text47                         0009A8  00000A  0009B2      1350       0  CODE        2
                text56                         0009B2  00000B  0009BD      1364       0  CODE        2
                text42                         0009BD  00000C  0009C9      137A       0  CODE        2
                text70                         0009C9  00000D  0009D6      1392       0  CODE        2
                text51                         0009D6  00000D  0009E3      13AC       0  CODE        2
                text48                         0009E3  00000D  0009F0      13C6       0  CODE        2
                text67                         0009F0  00000F  0009FF      13E0       0  CODE        2
                text64                         0009FF  00000F  000A0E      13FE       0  CODE        2
                text62                         000A0E  00000F  000A1D      141C       0  CODE        2
                text59                         000A1D  000011  000A2E      143A       0  CODE        2
                text53                         000A2E  000012  000A40      145C       0  CODE        2
                text24                         000A40  000012  000A52      1480       0  CODE        2
                text10                         000A52  000012  000A64      14A4       0  CODE        2
                text40                         000A64  000014  000A78      14C8       0  CODE        2
                text30                         000A78  000015  000A8D      14F0       0  CODE        2
                text22                         000A8D  000015  000AA2      151A       0  CODE        2
                text58                         000AA2  000017  000AB9      1544       0  CODE        2
                text60                         000AB9  000018  000AD1      1572       0  CODE        2
                text3                          000AD1  00001A  000AEB      15A2       0  CODE        2
                text37                         000AEB  00001C  000B07      15D6       0  CODE        2
                text9                          000B07  00001D  000B24      160E       0  CODE        2
                text7                          000B24  00001D  000B41      1648       0  CODE        2
                text19                         000B41  00001F  000B60      1682       0  CODE        2
                text1                          000B60  000020  000B80      16C0       0  CODE        2
                text23                         000B80  000024  000BA4      1700       0  CODE        2
                text38                         000BA4  00002A  000BCE      1748       0  CODE        2
                text13                         000BCE  00002F  000BFD      179C       0  CODE        2
                text16                         000BFD  000032  000C2F      17FA       0  CODE        2
                text17                         000C2F  00003A  000C69      185E       0  CODE        2
                text36                         000C69  00004B  000CB4      18D2       0  CODE        2
                text25                         000CB4  000051  000D05      1968       0  CODE        2
                text4                          000D05  000051  000D56      1A0A       0  CODE        2
                text21                         000D56  000055  000DAB      1AAC       0  CODE        2
                text28                         000DAB  000059  000E04      1B56       0  CODE        2
                text44                         000E04  00005A  000E5E      1C08       0  CODE        2
                text26                         000E5E  00005B  000EB9      1CBC       0  CODE        2
                text18                         000EB9  00005C  000F15      1D72       0  CODE        2
                text27                         000F15  000072  000F87      1E2A       0  CODE        2
                text15                         000F87  000079  001000      1F0E       0  CODE        2
                stringtext1                    001000  00006B  00106B      2000       0  STRCODE     2


UNUSED ADDRESS RANGES

        Name                Unused          Largest block    Delta
        BANK1            000ED-000EF               3           1
        BANK10           00520-0056F              50           1
        BANK11           005A0-005EF              50           1
        BANK12           00620-0064F              30           1
        BANK3            001CE-001EF              22           1
        BANK4            00220-0026F              50           1
        BANK5            002A0-002EF              50           1
        BANK6            00320-0036F              50           1
        BANK7            003A0-003EF              50           1
        BANK8            00420-0046F              50           1
        BANK9            004A0-004EF              50           1
        BIGRAM           02000-023EF             3F0           1
        CODE             00800-0093D             13E           2
                         0106B-01FFF             795
        COMMON           0007C-0007D               2           1
        CONST            00800-0093D             100           2
                         0106B-01FFF             100
        EEDATA           0F000-0F0FF             100           2
        ENTRY            00800-0093D             100           2
                         0106B-01FFF             100
        RAM              000ED-000EF               3           1
                         001CE-001EF              22
                         00220-0026F              50
                         002A0-002EF              50
                         00320-0036F              50
                         003A0-003EF              50
                         00420-0046F              50
                         004A0-004EF              50
                         00520-0056F              50
                         005A0-005EF              50
                         00620-0064F              30
        SFR0             00000-0001F              20           1
        SFR1             00080-0009F              20           1
        SFR10            00500-0051F              20           1
        SFR11            00580-0059F              20           1
        SFR12            00600-0061F              20           1
        SFR13            00680-006EF              70           1
        SFR14            00700-0076F              70           1
        SFR15            00780-007EF              70           1
        SFR16            00800-0086F              70           1
        SFR17            00880-008EF              70           1
        SFR18            00900-0096F              70           1
        SFR19            00980-009EF              70           1
        SFR2             00100-0011F              20           1
        SFR20            00A00-00A6F              70           1
        SFR21            00A80-00AEF              70           1
        SFR22            00B00-00B6F              70           1
        SFR23            00B80-00BEF              70           1
        SFR24            00C00-00C6F              70           1
        SFR25            00C80-00CEF              70           1
        SFR26            00D00-00D6F              70           1
        SFR27            00D80-00DEF              70           1
        SFR28            00E00-00E6F              70           1
        SFR29            00E80-00EEF              70           1
        SFR3             00180-0019F              20           1
        SFR30            00F00-00F6F              70           1
        SFR31            00F80-00FEF              70           1
        SFR4             00200-0021F              20           1
        SFR5             00280-0029F              20           1
        SFR6             00300-0031F              20           1
        SFR7             00380-0039F              20           1
        SFR8             00400-0041F              20           1
        SFR9             00480-0049F              20           1
        STRCODE          00800-0093D             13E           2
                         0106B-01FFF             F95
        STRING           00800-0093D             100           2
                         0106B-01FFF             100

                                  Symbol Table

?_AppClock_Seconds                            cstackCOMMON 00072
?___awdiv                                     cstackCOMMON 00072
?___awmod                                     cstackCOMMON 00072
?___lwdiv                                     cstackCOMMON 00072
?___lwmod                                     cstackCOMMON 00072
?___wmul                                      cstackCOMMON 00072
?_abs                                         cstackCOMMON 00078
?_ctoa                                        cstackBANK0  00025
?_dtoa                                        cstackBANK0  00032
?_pad                                         cstackBANK0  0002B
?_read_prec_or_width                          cstackCOMMON 00078
?_snprintf                                    cstackBANK0  00057
?_sprintf                                     cstackBANK0  00057
?_strlen                                      cstackCOMMON 00072
?_utoa                                        cstackBANK0  00032
?_vfpfcnvrt                                   cstackBANK0  0003F
?_vfprintf                                    cstackBANK0  0004F
INT_SetInterruptHandler@InterruptHandler      cstackCOMMON 00072
IOCCF5_SetInterruptHandler@InterruptHandler   cstackCOMMON 00072
LCDchar@c                                     cstackCOMMON 00079
LCDcmd@c                                      cstackCOMMON 00079
LCDsend2x4@c                                  cstackCOMMON 00076
LCDsend2x4@hc                                 cstackCOMMON 00077
LCDsend2x4@lc                                 cstackCOMMON 00078
LCDsend2x4@mode                               cstackCOMMON 00074
LCDsend@c                                     cstackCOMMON 00075
LCDstr@c                                      cstackBANK0  00022
LCDstr@p                                      cstackBANK0  00020
RenderConfig@line1                            cstackBANK1  000BC
RenderConfig@line2                            cstackBANK1  000CD
RenderConfig@mC                               cstackBANK1  000DE
RenderConfig@mL                               cstackBANK1  000E0
RenderConfig@mT                               cstackBANK1  000DF
RenderNormal@line1                            cstackBANK1  000B6
TMR0_SetInterruptHandler@InterruptHandler     cstackCOMMON 00072
TMR1_SetGateInterruptHandler@InterruptHandler cstackCOMMON 00072
TMR1_SetInterruptHandler@InterruptHandler     cstackCOMMON 00072
TMR1_WriteTimer@timerVal                      cstackCOMMON 00070
UI_OnTick1s@s1                                cstackBANK0  0006E
UI_OnTick1s@s2                                cstackBANK0  0006F
WriteI2C@data_out                             cstackCOMMON 00073
_ANSELA                                       (abs)        00F38
_ANSELAbits                                   (abs)        00F38
_ANSELB                                       (abs)        00F43
_ANSELC                                       (abs)        00F4E
_ANSELD                                       (abs)        00F59
_ANSELE                                       (abs)        00F64
_AppClock_ConsumeTick1s                       text56       009B2
_AppClock_Init                                text53       00A2E
_AppClock_Seconds                             text52       0099E
_CLKRCLK                                      (abs)        00896
_CLKRCON                                      (abs)        00895
_CLKREF_Initialize                            text50       00947
_ClearAlarmFlags                              text8        0094C
_Clock_Tick1s                                 text9        00B07
_EXT_INT_Initialize                           text48       009E3
_I2C1_CallbackReturnReset                     (abs)        00000
_I2C1_CallbackReturnStop                      (abs)        00000
_I2C1_DO_ADDRESS_NACK                         (abs)        00000
_I2C1_DO_IDLE                                 (abs)        00000
_I2C1_DO_RCEN                                 (abs)        00000
_I2C1_DO_RESET                                (abs)        00000
_I2C1_DO_RX                                   (abs)        00000
_I2C1_DO_RX_ACK                               (abs)        00000
_I2C1_DO_RX_NACK_RESTART                      (abs)        00000
_I2C1_DO_RX_NACK_STOP                         (abs)        00000
_I2C1_DO_SEND_ADR_READ                        (abs)        00000
_I2C1_DO_SEND_ADR_WRITE                       (abs)        00000
_I2C1_DO_SEND_RESTART                         (abs)        00000
_I2C1_DO_SEND_RESTART_READ                    (abs)        00000
_I2C1_DO_SEND_RESTART_WRITE                   (abs)        00000
_I2C1_DO_SEND_STOP                            (abs)        00000
_I2C1_DO_TX                                   (abs)        00000
_I2C1_DO_TX_EMPTY                             (abs)        00000
_I2C1_Initialize                              text47       009A8
_I2C1_MasterIsr                               (abs)        00000
_I2C1_Status                                  bssBANK2     00120
_INLVLA                                       (abs)        00F3C
_INLVLB                                       (abs)        00F47
_INLVLC                                       (abs)        00F52
_INLVLD                                       (abs)        00F5D
_INLVLE                                       (abs)        00F68
_INTCONbits                                   (abs)        0000B
_INTERRUPT_InterruptManager                   intentry     00004
_INTPPS                                       (abs)        00E90
_INT_CallBack                                 text70       009C9
_INT_DefaultInterruptHandler                  text71       0093E
_INT_ISR                                      text69       00951
_INT_InterruptHandler                         nvBANK3      001C4
_INT_SetInterruptHandler                      text49       0095D
_IOCCF5_DefaultInterruptHandler               text68       0093F
_IOCCF5_ISR                                   text67       009F0
_IOCCF5_InterruptHandler                      nvBANK3      001CC
_IOCCF5_SetInterruptHandler                   text45       00963
_IOCCFbits                                    (abs)        00F55
_IOCCNbits                                    (abs)        00F54
_IOCCPbits                                    (abs)        00F53
_LATA                                         (abs)        00016
_LATAbits                                     (abs)        00016
_LATB                                         (abs)        00017
_LATC                                         (abs)        00018
_LATD                                         (abs)        00019
_LATE                                         (abs)        0001A
_LCDchar                                      text31       00984
_LCDcmd                                       text32       00975
_LCDinit                                      text33       0073B
_LCDsend                                      text35       007B7
_LCDsend2x4                                   text34       00457
_LCDstr                                       text30       00A78
_MSSP1_InterruptHandler                       bssBANK2     00147
_ODCONA                                       (abs)        00F3A
_ODCONB                                       (abs)        00F45
_ODCONC                                       (abs)        00F50
_ODCOND                                       (abs)        00F5B
_ODCONE                                       (abs)        00F66
_OSCCON1                                      (abs)        0088D
_OSCCON3                                      (abs)        0088F
_OSCEN                                        (abs)        00891
_OSCFRQ                                       (abs)        00893
_OSCILLATOR_Initialize                        text46       00995
_OSCTUNE                                      (abs)        00892
_OnS1Pressed                                  text7        00B24
_OnS2Pressed                                  text6        006BC
_OpenI2C                                      text51       009D6
_PIE0bits                                     (abs)        00716
_PIE3bits                                     (abs)        00719
_PIE4bits                                     (abs)        0071A
_PIE5bits                                     (abs)        0071B
_PIN_MANAGER_IOC                              text66       0098C
_PIN_MANAGER_Initialize                       text44       00E04
_PIR0bits                                     (abs)        0070C
_PIR3bits                                     (abs)        0070F
_PIR4bits                                     (abs)        00710
_PIR5bits                                     (abs)        00711
_PMD0                                         (abs)        00796
_PMD1                                         (abs)        00797
_PMD2                                         (abs)        00798
_PMD3                                         (abs)        00799
_PMD4                                         (abs)        0079A
_PMD5                                         (abs)        0079B
_PMD_Initialize                               text43       0097C
_PORTBbits                                    (abs)        0000D
_PORTCbits                                    (abs)        0000E
_RC3PPS                                       (abs)        00F23
_RC4PPS                                       (abs)        00F24
_ReadI2C                                      text3        00AD1
_RenderConfig                                 text5        002BF
_RenderConfig$2441                            cstackBANK1  000E1
_RenderConfig$2443                            cstackBANK1  000E3
_RenderConfig$2445                            cstackBANK1  000E5
_RenderConfig$2447                            cstackBANK1  000E7
_RenderNormal                                 text11       00508
_RenderNormal$2432                            cstackBANK1  000C7
_RenderNormal$2433                            cstackBANK1  000C9
_RenderNormal$2434                            cstackBANK1  000CB
_RenderNormal$2435                            cstackBANK1  000CD
_SLRCONA                                      (abs)        00F3B
_SLRCONB                                      (abs)        00F46
_SLRCONC                                      (abs)        00F51
_SLRCOND                                      (abs)        00F5C
_SLRCONE                                      (abs)        00F67
_SMT1CLK                                      (abs)        0049B
_SMT1CON0                                     (abs)        00498
_SMT1CON0bits                                 (abs)        00498
_SMT1CON1                                     (abs)        00499
_SMT1CON1bits                                 (abs)        00499
_SMT1CPR                                      (abs)        0048F
_SMT1CPW                                      (abs)        00492
_SMT1PR                                       (abs)        00495
_SMT1PRH                                      (abs)        00496
_SMT1PRL                                      (abs)        00495
_SMT1PRU                                      (abs)        00497
_SMT1SIG                                      (abs)        0049C
_SMT1SIGPPS                                   (abs)        00EAA
_SMT1STAT                                     (abs)        0049A
_SMT1STATbits                                 (abs)        0049A
_SMT1TMR                                      (abs)        0048C
_SMT1WIN                                      (abs)        0049D
_SMT1WINPPS                                   (abs)        00EA9
_SMT1_Initialize                              text42       009BD
_SSP1ADD                                      (abs)        0018D
_SSP1BUF                                      (abs)        0018C
_SSP1CLKPPS                                   (abs)        00EC5
_SSP1CON1                                     (abs)        00190
_SSP1CON1bits                                 (abs)        00190
_SSP1CON2                                     (abs)        00191
_SSP1CON2bits                                 (abs)        00191
_SSP1DATPPS                                   (abs)        00EC6
_SSP1STAT                                     (abs)        0018F
_SSP1STATbits                                 (abs)        0018F
_SYSTEM_Initialize                            text37       00AEB
_T0CON0                                       (abs)        0001E
_T0CON0bits                                   (abs)        0001E
_T0CON1                                       (abs)        0001F
_T1CLK                                        (abs)        00211
_T1CON                                        (abs)        0020E
_T1CONbits                                    (abs)        0020E
_T1GATE                                       (abs)        00210
_T1GCON                                       (abs)        0020F
_T1GCONbits                                   (abs)        0020F
_TMR0H                                        (abs)        0001D
_TMR0L                                        (abs)        0001C
_TMR0_DefaultInterruptHandler                 text65       00940
_TMR0_ISR                                     text64       009FF
_TMR0_Initialize                              text40       00A64
_TMR0_InterruptHandler                        nvBANK3      001C6
_TMR0_SetInterruptHandler                     text41       00969
_TMR1H                                        (abs)        0020D
_TMR1L                                        (abs)        0020C
_TMR1_1sCallback                              text60       00AB9
_TMR1_DefaultGateInterruptHandler             text63       00941
_TMR1_DefaultInterruptHandler                 text61       00942
_TMR1_GATE_ISR                                text62       00A0E
_TMR1_GateInterruptHandler                    nvBANK3      001C8
_TMR1_ISR                                     text58       00AA2
_TMR1_Initialize                              text38       00BA4
_TMR1_InterruptHandler                        nvBANK3      001CA
_TMR1_SetGateInterruptHandler                 text39       0096F
_TMR1_SetInterruptHandler                     text55       00957
_TMR1_StartTimer                              text54       00944
_TMR1_WriteTimer                              text59       00A1D
_TRISA                                        (abs)        00011
_TRISAbits                                    (abs)        00011
_TRISB                                        (abs)        00012
_TRISC                                        (abs)        00013
_TRISCbits                                    (abs)        00013
_TRISD                                        (abs)        00014
_TRISE                                        (abs)        00015
_UI_Init                                      text10       00A52
_UI_OnTick1s                                  text4        00D05
_WPUA                                         (abs)        00F39
_WPUB                                         (abs)        00F44
_WPUC                                         (abs)        00F4F
_WPUD                                         (abs)        00F5A
_WPUE                                         (abs)        00F65
_WriteI2C                                     text36       00C69
__H__absolute__                               __absolute__ 00000
__Habs1                                       abs1         00000
__Hbank0                                      bank0        00000
__Hbank1                                      bank1        00000
__Hbank10                                     bank10       00000
__Hbank11                                     bank11       00000
__Hbank12                                     bank12       00000
__Hbank13                                     bank13       00000
__Hbank14                                     bank14       00000
__Hbank15                                     bank15       00000
__Hbank16                                     bank16       00000
__Hbank17                                     bank17       00000
__Hbank18                                     bank18       00000
__Hbank19                                     bank19       00000
__Hbank2                                      bank2        00000
__Hbank20                                     bank20       00000
__Hbank21                                     bank21       00000
__Hbank22                                     bank22       00000
__Hbank23                                     bank23       00000
__Hbank24                                     bank24       00000
__Hbank25                                     bank25       00000
__Hbank26                                     bank26       00000
__Hbank27                                     bank27       00000
__Hbank28                                     bank28       00000
__Hbank29                                     bank29       00000
__Hbank3                                      bank3        00000
__Hbank30                                     bank30       00000
__Hbank31                                     bank31       00000
__Hbank4                                      bank4        00000
__Hbank5                                      bank5        00000
__Hbank6                                      bank6        00000
__Hbank7                                      bank7        00000
__Hbank8                                      bank8        00000
__Hbank9                                      bank9        00000
__Hbigram                                     bigram       00000
__HbssBANK2                                   bssBANK2     00000
__HbssBANK3                                   bssBANK3     00000
__HbssCOMMON                                  bssCOMMON    00000
__Hcinit                                      cinit        0006D
__Hclrtext                                    clrtext      00000
__Hcode                                       code         00000
__Hcommon                                     common       00000
__Hconfig                                     config       0800C
__HcstackBANK0                                cstackBANK0  00000
__HcstackBANK1                                cstackBANK1  00000
__HcstackBANK2                                cstackBANK2  00000
__HcstackCOMMON                               cstackCOMMON 00000
__HdataBANK2                                  dataBANK2    00000
__Heeprom_data                                eeprom_data  00000
__Hend_init                                   end_init     0004E
__Hfunctab                                    functab      00000
__Hheap                                       heap         00000
__HidataBANK2                                 idataBANK2   00000
__Hidloc                                      idloc        08004
__Hinit                                       init         0004C
__Hintentry                                   intentry     0004C
__Hmaintext                                   maintext     00000
__HnvBANK3                                    nvBANK3      00000
__Hpowerup                                    powerup      00000
__Hram                                        ram          00000
__Hreset_vec                                  reset_vec    00002
__Hsfr0                                       sfr0         00000
__Hsfr1                                       sfr1         00000
__Hsfr10                                      sfr10        00000
__Hsfr11                                      sfr11        00000
__Hsfr12                                      sfr12        00000
__Hsfr13                                      sfr13        00000
__Hsfr14                                      sfr14        00000
__Hsfr15                                      sfr15        00000
__Hsfr16                                      sfr16        00000
__Hsfr17                                      sfr17        00000
__Hsfr18                                      sfr18        00000
__Hsfr19                                      sfr19        00000
__Hsfr2                                       sfr2         00000
__Hsfr20                                      sfr20        00000
__Hsfr21                                      sfr21        00000
__Hsfr22                                      sfr22        00000
__Hsfr23                                      sfr23        00000
__Hsfr24                                      sfr24        00000
__Hsfr25                                      sfr25        00000
__Hsfr26                                      sfr26        00000
__Hsfr27                                      sfr27        00000
__Hsfr28                                      sfr28        00000
__Hsfr29                                      sfr29        00000
__Hsfr3                                       sfr3         00000
__Hsfr30                                      sfr30        00000
__Hsfr31                                      sfr31        00000
__Hsfr4                                       sfr4         00000
__Hsfr5                                       sfr5         00000
__Hsfr6                                       sfr6         00000
__Hsfr7                                       sfr7         00000
__Hsfr8                                       sfr8         00000
__Hsfr9                                       sfr9         00000
__Hsivt                                       sivt         0004C
__Hspace_0                                    (abs)        0106B
__Hspace_1                                    (abs)        001CE
__Hspace_2                                    (abs)        00000
__Hspace_3                                    (abs)        00000
__Hspace_4                                    (abs)        10013
__Hstack                                      stack        00000
__Hstrings                                    strings      00000
__Hstringtext1                                stringtext1  00000
__Hstringtext2                                stringtext2  00000
__Hstringtext3                                stringtext3  00000
__Hstringtext4                                stringtext4  00000
__Hstringtext5                                stringtext5  00000
__Hstringtext6                                stringtext6  00000
__Htext                                       text         00000
__L__absolute__                               __absolute__ 00000
__Labs1                                       abs1         00000
__Lbank0                                      bank0        00000
__Lbank1                                      bank1        00000
__Lbank10                                     bank10       00000
__Lbank11                                     bank11       00000
__Lbank12                                     bank12       00000
__Lbank13                                     bank13       00000
__Lbank14                                     bank14       00000
__Lbank15                                     bank15       00000
__Lbank16                                     bank16       00000
__Lbank17                                     bank17       00000
__Lbank18                                     bank18       00000
__Lbank19                                     bank19       00000
__Lbank2                                      bank2        00000
__Lbank20                                     bank20       00000
__Lbank21                                     bank21       00000
__Lbank22                                     bank22       00000
__Lbank23                                     bank23       00000
__Lbank24                                     bank24       00000
__Lbank25                                     bank25       00000
__Lbank26                                     bank26       00000
__Lbank27                                     bank27       00000
__Lbank28                                     bank28       00000
__Lbank29                                     bank29       00000
__Lbank3                                      bank3        00000
__Lbank30                                     bank30       00000
__Lbank31                                     bank31       00000
__Lbank4                                      bank4        00000
__Lbank5                                      bank5        00000
__Lbank6                                      bank6        00000
__Lbank7                                      bank7        00000
__Lbank8                                      bank8        00000
__Lbank9                                      bank9        00000
__Lbigram                                     bigram       00000
__LbssBANK2                                   bssBANK2     00000
__LbssBANK3                                   bssBANK3     00000
__LbssCOMMON                                  bssCOMMON    00000
__Lcinit                                      cinit        0004E
__Lclrtext                                    clrtext      00000
__Lcode                                       code         00000
__Lcommon                                     common       00000
__Lconfig                                     config       00000
__LcstackBANK0                                cstackBANK0  00000
__LcstackBANK1                                cstackBANK1  00000
__LcstackBANK2                                cstackBANK2  00000
__LcstackCOMMON                               cstackCOMMON 00000
__LdataBANK2                                  dataBANK2    00000
__Leeprom_data                                eeprom_data  00000
__Lend_init                                   end_init     0004C
__Lfunctab                                    functab      00000
__Lheap                                       heap         00000
__LidataBANK2                                 idataBANK2   00000
__Lidloc                                      idloc        00000
__Linit                                       init         0004C
__Lintentry                                   intentry     00004
__Lmaintext                                   maintext     00000
__LnvBANK3                                    nvBANK3      00000
__Lpowerup                                    powerup      00000
__Lram                                        ram          00000
__Lreset_vec                                  reset_vec    00000
__Lsfr0                                       sfr0         00000
__Lsfr1                                       sfr1         00000
__Lsfr10                                      sfr10        00000
__Lsfr11                                      sfr11        00000
__Lsfr12                                      sfr12        00000
__Lsfr13                                      sfr13        00000
__Lsfr14                                      sfr14        00000
__Lsfr15                                      sfr15        00000
__Lsfr16                                      sfr16        00000
__Lsfr17                                      sfr17        00000
__Lsfr18                                      sfr18        00000
__Lsfr19                                      sfr19        00000
__Lsfr2                                       sfr2         00000
__Lsfr20                                      sfr20        00000
__Lsfr21                                      sfr21        00000
__Lsfr22                                      sfr22        00000
__Lsfr23                                      sfr23        00000
__Lsfr24                                      sfr24        00000
__Lsfr25                                      sfr25        00000
__Lsfr26                                      sfr26        00000
__Lsfr27                                      sfr27        00000
__Lsfr28                                      sfr28        00000
__Lsfr29                                      sfr29        00000
__Lsfr3                                       sfr3         00000
__Lsfr30                                      sfr30        00000
__Lsfr31                                      sfr31        00000
__Lsfr4                                       sfr4         00000
__Lsfr5                                       sfr5         00000
__Lsfr6                                       sfr6         00000
__Lsfr7                                       sfr7         00000
__Lsfr8                                       sfr8         00000
__Lsfr9                                       sfr9         00000
__Lsivt                                       sivt         0004C
__Lspace_0                                    (abs)        00000
__Lspace_1                                    (abs)        00000
__Lspace_2                                    (abs)        00000
__Lspace_3                                    (abs)        00000
__Lspace_4                                    (abs)        00000
__Lstack                                      stack        00000
__Lstrings                                    strings      00000
__Lstringtext1                                stringtext1  00000
__Lstringtext2                                stringtext2  00000
__Lstringtext3                                stringtext3  00000
__Lstringtext4                                stringtext4  00000
__Lstringtext5                                stringtext5  00000
__Lstringtext6                                stringtext6  00000
__Ltext                                       text         00000
__S0                                          (abs)        0106B
__S1                                          (abs)        001CE
__S3                                          (abs)        00000
___awdiv                                      text26       00E5E
___awdiv@counter                              cstackCOMMON 00076
___awdiv@dividend                             cstackCOMMON 00074
___awdiv@divisor                              cstackCOMMON 00072
___awdiv@quotient                             cstackCOMMON 00078
___awdiv@sign                                 cstackCOMMON 00077
___awmod                                      text25       00CB4
___awmod@counter                              cstackCOMMON 00076
___awmod@dividend                             cstackCOMMON 00074
___awmod@divisor                              cstackCOMMON 00072
___awmod@sign                                 cstackCOMMON 00077
___heap_hi                                    (abs)        00000
___heap_lo                                    (abs)        00000
___int_sp                                     stack        00000
___int_stack_hi                               stack        00000
___int_stack_lo                               stack        00000
___latbits                                    (abs)        00002
___lwdiv                                      text17       00C2F
___lwdiv@counter                              cstackCOMMON 00076
___lwdiv@dividend                             cstackCOMMON 00074
___lwdiv@divisor                              cstackCOMMON 00072
___lwdiv@quotient                             cstackCOMMON 00077
___lwmod                                      text16       00BFD
___lwmod@counter                              cstackCOMMON 00076
___lwmod@dividend                             cstackCOMMON 00074
___lwmod@divisor                              cstackCOMMON 00072
___sp                                         stack        00000
___stack_hi                                   stack        00000
___stack_lo                                   stack        00000
___stackhi                                    (abs)        00000
___stacklo                                    (abs)        00000
___wmul                                       text19       00B41
___wmul@multiplicand                          cstackCOMMON 00074
___wmul@multiplier                            cstackCOMMON 00072
___wmul@product                               cstackCOMMON 00076
__end_of_AppClock_ConsumeTick1s               text56       009BD
__end_of_AppClock_Init                        text53       00A40
__end_of_AppClock_Seconds                     text52       009A8
__end_of_CLKREF_Initialize                    text50       0094C
__end_of_ClearAlarmFlags                      text8        00951
__end_of_Clock_Tick1s                         text9        00B24
__end_of_EXT_INT_Initialize                   text48       009F0
__end_of_I2C1_Initialize                      text47       009B2
__end_of_INTERRUPT_InterruptManager           intentry     0004C
__end_of_INT_CallBack                         text70       009D6
__end_of_INT_DefaultInterruptHandler          text71       0093F
__end_of_INT_ISR                              text69       00957
__end_of_INT_SetInterruptHandler              text49       00963
__end_of_IOCCF5_DefaultInterruptHandler       text68       00940
__end_of_IOCCF5_ISR                           text67       009FF
__end_of_IOCCF5_SetInterruptHandler           text45       00969
__end_of_LCDchar                              text31       0098C
__end_of_LCDcmd                               text32       0097C
__end_of_LCDinit                              text33       007B7
__end_of_LCDsend                              text35       007FA
__end_of_LCDsend2x4                           text34       00508
__end_of_LCDstr                               text30       00A8D
__end_of_OSCILLATOR_Initialize                text46       0099E
__end_of_OnS1Pressed                          text7        00B41
__end_of_OnS2Pressed                          text6        0073B
__end_of_OpenI2C                              text51       009E3
__end_of_PIN_MANAGER_IOC                      text66       00995
__end_of_PIN_MANAGER_Initialize               text44       00E5E
__end_of_PMD_Initialize                       text43       00984
__end_of_ReadI2C                              text3        00AEB
__end_of_RenderConfig                         text5        0039F
__end_of_RenderNormal                         text11       005AB
__end_of_SMT1_Initialize                      text42       009C9
__end_of_SYSTEM_Initialize                    text37       00B07
__end_of_TMR0_DefaultInterruptHandler         text65       00941
__end_of_TMR0_ISR                             text64       00A0E
__end_of_TMR0_Initialize                      text40       00A78
__end_of_TMR0_SetInterruptHandler             text41       0096F
__end_of_TMR1_1sCallback                      text60       00AD1
__end_of_TMR1_DefaultGateInterruptHandler     text63       00942
__end_of_TMR1_DefaultInterruptHandler         text61       00943
__end_of_TMR1_GATE_ISR                        text62       00A1D
__end_of_TMR1_ISR                             text58       00AB9
__end_of_TMR1_Initialize                      text38       00BCE
__end_of_TMR1_SetGateInterruptHandler         text39       00975
__end_of_TMR1_SetInterruptHandler             text55       0095D
__end_of_TMR1_StartTimer                      text54       00947
__end_of_TMR1_WriteTimer                      text59       00A2E
__end_of_UI_Init                              text10       00A64
__end_of_UI_OnTick1s                          text4        00D56
__end_of_WriteI2C                             text36       00CB4
__end_of___awdiv                              text26       00EB9
__end_of___awmod                              text25       00D05
__end_of___lwdiv                              text17       00C69
__end_of___lwmod                              text16       00C2F
__end_of___wmul                               text19       00B60
__end_of__initialization                      cinit        00069
__end_of_abs                                  text24       00A52
__end_of_ctoa                                 text27       00F87
__end_of_dtoa                                 text20       00457
__end_of_fputc                                text28       00E04
__end_of_fputs                                text23       00BA4
__end_of_i2c1_fsmStateTable                   stringtext1  01020
__end_of_main                                 maintext     006BC
__end_of_pad                                  text21       00DAB
__end_of_putch                                text29       00944
__end_of_readTC74                             text2        002BF
__end_of_read_prec_or_width                   text18       00F15
__end_of_snprintf                             text12       00634
__end_of_sprintf                              text1        00B80
__end_of_strlen                               text22       00AA2
__end_of_utoa                                 text15       01000
__end_of_vfpfcnvrt                            text14       001B6
__end_of_vfprintf                             text13       00BFD
__initialization                              cinit        0004E
__pbssBANK2                                   bssBANK2     00120
__pbssBANK3                                   bssBANK3     001A0
__pbssCOMMON                                  bssCOMMON    0007A
__pcstackBANK0                                cstackBANK0  00020
__pcstackBANK1                                cstackBANK1  000A0
__pcstackBANK2                                cstackBANK2  00154
__pcstackCOMMON                               cstackCOMMON 00070
__pdataBANK2                                  dataBANK2    0016E
__pidataBANK2                                 idataBANK2   00002
__pintentry                                   intentry     00004
__pmaintext                                   maintext     00634
__pnvBANK3                                    nvBANK3      001C4
__pstringtext1                                stringtext1  01000
__pstringtext2                                stringtext2  01020
__pstringtext3                                stringtext3  0103B
__pstringtext4                                stringtext4  01055
__pstringtext5                                stringtext5  01064
__pstringtext6                                stringtext6  00000
__ptext1                                      text1        00B60
__ptext10                                     text10       00A52
__ptext11                                     text11       00508
__ptext12                                     text12       005AB
__ptext13                                     text13       00BCE
__ptext14                                     text14       0006D
__ptext15                                     text15       00F87
__ptext16                                     text16       00BFD
__ptext17                                     text17       00C2F
__ptext18                                     text18       00EB9
__ptext19                                     text19       00B41
__ptext2                                      text2        001B6
__ptext20                                     text20       0039F
__ptext21                                     text21       00D56
__ptext22                                     text22       00A8D
__ptext23                                     text23       00B80
__ptext24                                     text24       00A40
__ptext25                                     text25       00CB4
__ptext26                                     text26       00E5E
__ptext27                                     text27       00F15
__ptext28                                     text28       00DAB
__ptext29                                     text29       00943
__ptext3                                      text3        00AD1
__ptext30                                     text30       00A78
__ptext31                                     text31       00984
__ptext32                                     text32       00975
__ptext33                                     text33       0073B
__ptext34                                     text34       00457
__ptext35                                     text35       007B7
__ptext36                                     text36       00C69
__ptext37                                     text37       00AEB
__ptext38                                     text38       00BA4
__ptext39                                     text39       0096F
__ptext4                                      text4        00D05
__ptext40                                     text40       00A64
__ptext41                                     text41       00969
__ptext42                                     text42       009BD
__ptext43                                     text43       0097C
__ptext44                                     text44       00E04
__ptext45                                     text45       00963
__ptext46                                     text46       00995
__ptext47                                     text47       009A8
__ptext48                                     text48       009E3
__ptext49                                     text49       0095D
__ptext5                                      text5        002BF
__ptext50                                     text50       00947
__ptext51                                     text51       009D6
__ptext52                                     text52       0099E
__ptext53                                     text53       00A2E
__ptext54                                     text54       00944
__ptext55                                     text55       00957
__ptext56                                     text56       009B2
__ptext58                                     text58       00AA2
__ptext59                                     text59       00A1D
__ptext6                                      text6        006BC
__ptext60                                     text60       00AB9
__ptext61                                     text61       00942
__ptext62                                     text62       00A0E
__ptext63                                     text63       00941
__ptext64                                     text64       009FF
__ptext65                                     text65       00940
__ptext66                                     text66       0098C
__ptext67                                     text67       009F0
__ptext68                                     text68       0093F
__ptext69                                     text69       00951
__ptext7                                      text7        00B24
__ptext70                                     text70       009C9
__ptext71                                     text71       0093E
__ptext8                                      text8        0094C
__ptext9                                      text9        00B07
_abs                                          text24       00A40
_alarmFlagC                                   bssBANK2     0014E
_alarmFlagL                                   bssBANK2     0014C
_alarmFlagT                                   bssBANK2     0014D
_alarmsEnabled                                bssBANK2     0014F
_ctoa                                         text27       00F15
_dbuf                                         bssBANK3     001A4
_dtoa                                         text20       0039F
_dtoa$3210                                    cstackBANK0  00037
_errno                                        bssBANK3     001A2
_field                                        bssCOMMON    0007A
_flags                                        bssBANK2     00149
_fputc                                        text28       00DAB
_fputs                                        text23       00B80
_hh                                           bssBANK2     00152
_i2c1_fsmStateTable                           stringtext1  01000
_main                                         maintext     00634
_mm                                           bssBANK2     00151
_mode                                         bssCOMMON    0007B
_nout                                         bssBANK2     00141
_pad                                          text21       00D56
_prec                                         bssBANK3     001A0
_putch                                        text29       00943
_rd1RegCompleteHandler                        (abs)        00000
_rd2RegCompleteHandler                        (abs)        00000
_rdBlkRegCompleteHandler                      (abs)        00000
_readTC74                                     text2        001B6
_read_prec_or_width                           text18       00EB9
_s1_prev                                      dataBANK2    0016F
_s2_prev                                      dataBANK2    0016E
_s_seconds                                    bssBANK2     0013D
_s_tick1s                                     bssBANK2     00153
_snprintf                                     text12       005AB
_snprintf$3154                                cstackBANK1  000A0
_sprintf                                      text1        00B60
_ss                                           bssBANK2     00150
_strlen                                       text22       00A8D
_thrLum                                       bssBANK2     0014A
_thrTemp                                      bssBANK2     0014B
_timer1ReloadVal                              bssBANK2     00145
_utoa                                         text15       00F87
_vfpfcnvrt                                    text14       0006D
_vfprintf                                     text13       00BCE
_width                                        bssBANK2     00143
_wr1RegCompleteHandler                        (abs)        00000
_wr2RegCompleteHandler                        (abs)        00000
abs@a                                         cstackCOMMON 00078
btemp                                         (abs)        0007E
btemp0                                        (abs)        0007E
btemp1                                        (abs)        0007F
clear_ram0                                    clrtext      007FA
ctoa@c                                        cstackBANK0  00027
ctoa@fp                                       cstackBANK0  00025
ctoa@l                                        cstackBANK0  00028
ctoa@w                                        cstackBANK0  0002A
dtoa@d                                        cstackBANK0  00034
dtoa@fp                                       cstackBANK0  00032
dtoa@i                                        cstackBANK0  0003D
dtoa@p                                        cstackBANK0  00039
dtoa@s                                        cstackBANK0  0003C
dtoa@w                                        cstackBANK0  0003A
end_of_initialization                         cinit        00069
fputc@c                                       cstackCOMMON 00072
fputc@fp                                      cstackCOMMON 00074
fputs@c                                       cstackBANK0  00028
fputs@fp                                      cstackBANK0  00026
fputs@i                                       cstackBANK0  00029
fputs@s                                       cstackBANK0  00025
int$flags                                     (abs)        0007E
intlevel0                                     functab      00000
intlevel1                                     functab      00000
intlevel2                                     functab      00000
intlevel3                                     functab      00000
intlevel4                                     functab      00000
intlevel5                                     functab      00000
ltemp0a                                       (abs)        00080
main@buf                                      cstackBANK2  00154
main@c                                        cstackBANK2  00169
main@last_update                              cstackBANK2  00165
main@now                                      cstackBANK2  0016A
pad@buf                                       cstackBANK0  0002D
pad@fp                                        cstackBANK0  0002B
pad@i                                         cstackBANK0  00030
pad@p                                         cstackBANK0  0002E
readTC74@value                                cstackCOMMON 00075
read_prec_or_width@ap                         cstackCOMMON 00079
read_prec_or_width@c                          cstackBANK0  00023
read_prec_or_width@fmt                        cstackCOMMON 00078
read_prec_or_width@n                          cstackBANK0  00024
reset_vec                                     reset_vec    00000
snprintf@ap                                   cstackBANK1  000A4
snprintf@cnt                                  cstackBANK1  000A2
snprintf@f                                    cstackBANK1  000A5
snprintf@fmt                                  cstackBANK0  0005A
snprintf@n                                    cstackBANK0  00058
snprintf@s                                    cstackBANK0  00057
sprintf@ap                                    cstackBANK0  0005C
sprintf@f                                     cstackBANK0  0005D
sprintf@fmt                                   cstackBANK0  00058
sprintf@s                                     cstackBANK0  00057
start                                         init         0004C
start_initialization                          cinit        0004E
strlen@a                                      cstackCOMMON 00074
strlen@s                                      cstackCOMMON 00072
ttemp0a                                       (abs)        0007F
utoa@d                                        cstackBANK0  00034
utoa@fp                                       cstackBANK0  00032
utoa@i                                        cstackBANK0  00039
utoa@p                                        cstackBANK0  00036
utoa@w                                        cstackBANK0  00037
vfpfcnvrt@ap                                  cstackBANK0  00042
vfpfcnvrt@c                                   cstackBANK0  00047
vfpfcnvrt@convarg                             cstackBANK0  00049
vfpfcnvrt@cp                                  cstackBANK0  0004D
vfpfcnvrt@done                                cstackBANK0  00048
vfpfcnvrt@fmt                                 cstackBANK0  00041
vfpfcnvrt@fp                                  cstackBANK0  0003F
vfprintf@ap                                   cstackBANK0  00053
vfprintf@cfmt                                 cstackBANK0  00055
vfprintf@fmt                                  cstackBANK0  00051
vfprintf@fp                                   cstackBANK0  0004F
wtemp0                                        (abs)        0007E
wtemp0a                                       (abs)        0007F


MODULE INFORMATION

Module		Function		Class		Link	Load	Size
ui/ui.c
		_RenderConfig  		CODE           	02BF	0000	224
		_Clock_Tick1s  		CODE           	0B07	0000	29
		_UI_OnTick1s   		CODE           	0D05	0000	81
		_OnS1Pressed   		CODE           	0B24	0000	29
		_ClearAlarmFlags		CODE           	094C	0000	5
		_OnS2Pressed   		CODE           	06BC	0000	127
		_UI_Init       		CODE           	0A52	0000	18
		_RenderNormal  		CODE           	0508	0000	163

ui/ui.c estimated size: 676

C:\Program Files\Microchip\xc8\v3.10\pic\sources\c99\common\lwmod.c
		___lwmod       		CODE           	0BFD	0000	50

C:\Program Files\Microchip\xc8\v3.10\pic\sources\c99\common\lwmod.c estimated size: 50

C:\Program Files\Microchip\xc8\v3.10\pic\sources\c99\common\awmod.c
		___awmod       		CODE           	0CB4	0000	81

C:\Program Files\Microchip\xc8\v3.10\pic\sources\c99\common\awmod.c estimated size: 81

C:\Program Files\Microchip\xc8\v3.10\pic\sources\c99\common\putch.c
		_putch         		CODE           	0943	0000	1

C:\Program Files\Microchip\xc8\v3.10\pic\sources\c99\common\putch.c estimated size: 1

mcc_generated_files/i2c1_master.c
		_I2C1_Initialize		CODE           	09A8	0000	10

mcc_generated_files/i2c1_master.c estimated size: 10

mcc_generated_files/interrupt_manager.c
		_INTERRUPT_InterruptManager		CODE           	0004	0000	72

mcc_generated_files/interrupt_manager.c estimated size: 72

C:\Program Files\Microchip\xc8\v3.10\pic\sources\c99\common\abs.c
		_abs           		CODE           	0A40	0000	18

C:\Program Files\Microchip\xc8\v3.10\pic\sources\c99\common\abs.c estimated size: 18

mcc_generated_files/tmr0.c
		_TMR0_SetInterruptHandler		CODE           	0969	0000	6
		_TMR0_DefaultInterruptHandler		CODE           	0940	0000	1
		_TMR0_ISR      		CODE           	09FF	0000	15
		_TMR0_Initialize		CODE           	0A64	0000	20

mcc_generated_files/tmr0.c estimated size: 42

C:\Program Files\Microchip\xc8\v3.10\pic\sources\c99\common\nf_fputs.c
		_fputs         		CODE           	0B80	0000	36

C:\Program Files\Microchip\xc8\v3.10\pic\sources\c99\common\nf_fputs.c estimated size: 36

mcc_generated_files/pin_manager.c
		_PIN_MANAGER_Initialize		CODE           	0E04	0000	90
		_IOCCF5_SetInterruptHandler		CODE           	0963	0000	6
		_PIN_MANAGER_IOC		CODE           	098C	0000	9
		_IOCCF5_DefaultInterruptHandler		CODE           	093F	0000	1
		_IOCCF5_ISR    		CODE           	09F0	0000	15

mcc_generated_files/pin_manager.c estimated size: 121

Clock/clock.c
		_TMR1_1sCallback		CODE           	0AB9	0000	24
		_AppClock_ConsumeTick1s		CODE           	09B2	0000	11
		_AppClock_Init 		CODE           	0A2E	0000	18
		_AppClock_Seconds		CODE           	099E	0000	10

Clock/clock.c estimated size: 63

I2C/i2c.c
		_ReadI2C       		CODE           	0AD1	0000	26
		_WriteI2C      		CODE           	0C69	0000	75
		_OpenI2C       		CODE           	09D6	0000	13

I2C/i2c.c estimated size: 114

mcc_generated_files/clkref.c
		_CLKREF_Initialize		CODE           	0947	0000	5

mcc_generated_files/clkref.c estimated size: 5

C:\Program Files\Microchip\xc8\v3.10\pic\sources\c99\common\lwdiv.c
		___lwdiv       		CODE           	0C2F	0000	58

C:\Program Files\Microchip\xc8\v3.10\pic\sources\c99\common\lwdiv.c estimated size: 58

LCD/lcd.c
		_LCDinit       		CODE           	073B	0000	124
		_LCDsend       		CODE           	07B7	0000	67
		_LCDsend2x4    		CODE           	0457	0000	177
		_LCDstr        		CODE           	0A78	0000	21
		_LCDchar       		CODE           	0984	0000	8
		_LCDcmd        		CODE           	0975	0000	7

LCD/lcd.c estimated size: 404

C:\Program Files\Microchip\xc8\v3.10\pic\sources\c99\common\awdiv.c
		___awdiv       		CODE           	0E5E	0000	91

C:\Program Files\Microchip\xc8\v3.10\pic\sources\c99\common\awdiv.c estimated size: 91

C:\Program Files\Microchip\xc8\v3.10\pic\sources\c99\common\nf_snprintf.c
		_snprintf      		CODE           	05AB	0000	137

C:\Program Files\Microchip\xc8\v3.10\pic\sources\c99\common\nf_snprintf.c estimated size: 137

mcc_generated_files/ext_int.c
		_INT_DefaultInterruptHandler		CODE           	093E	0000	1
		_EXT_INT_Initialize		CODE           	09E3	0000	13
		_INT_SetInterruptHandler		CODE           	095D	0000	6
		_INT_CallBack  		CODE           	09C9	0000	13
		_INT_ISR       		CODE           	0951	0000	6

mcc_generated_files/ext_int.c estimated size: 39

C:\Program Files\Microchip\xc8\v3.10\pic\sources\c99\common\nf_sprintf.c
		_sprintf       		CODE           	0B60	0000	32

C:\Program Files\Microchip\xc8\v3.10\pic\sources\c99\common\nf_sprintf.c estimated size: 32

shared
		__initialization		CODE           	004E	0000	27
		_i2c1_fsmStateTable		STRCODE        	1000	0000	32

shared estimated size: 59

mcc_generated_files/smt1.c
		_SMT1_Initialize		CODE           	09BD	0000	12

mcc_generated_files/smt1.c estimated size: 12

C:\Program Files\Microchip\xc8\v3.10\pic\sources\c99\common\strlen.c
		_strlen        		CODE           	0A8D	0000	21

C:\Program Files\Microchip\xc8\v3.10\pic\sources\c99\common\strlen.c estimated size: 21

mcc_generated_files/mcc.c
		_PMD_Initialize		CODE           	097C	0000	8
		_OSCILLATOR_Initialize		CODE           	0995	0000	9
		_SYSTEM_Initialize		CODE           	0AEB	0000	28

mcc_generated_files/mcc.c estimated size: 45

C:\Program Files\Microchip\xc8\v3.10\pic\sources\c99\common\nf_fputc.c
		_fputc         		CODE           	0DAB	0000	89

C:\Program Files\Microchip\xc8\v3.10\pic\sources\c99\common\nf_fputc.c estimated size: 89

mcc_generated_files/tmr1.c
		_TMR1_Initialize		CODE           	0BA4	0000	42
		_TMR1_SetInterruptHandler		CODE           	0957	0000	6
		_TMR1_DefaultInterruptHandler		CODE           	0942	0000	1
		_TMR1_WriteTimer		CODE           	0A1D	0000	17
		_TMR1_StartTimer		CODE           	0944	0000	3
		_TMR1_SetGateInterruptHandler		CODE           	096F	0000	6
		_TMR1_ISR      		CODE           	0AA2	0000	23
		_TMR1_GATE_ISR 		CODE           	0A0E	0000	15
		_TMR1_DefaultGateInterruptHandler		CODE           	0941	0000	1

mcc_generated_files/tmr1.c estimated size: 114

C:\Program Files\Microchip\xc8\v3.10\pic\sources\c99\common\doprnt.c
		_read_prec_or_width		CODE           	0EB9	0000	92
		_vfpfcnvrt     		CODE           	006D	0000	329
		_pad           		CODE           	0D56	0000	85
		_ctoa          		CODE           	0F15	0000	114
		_dtoa          		CODE           	039F	0000	184
		_vfprintf      		CODE           	0BCE	0000	47
		_utoa          		CODE           	0F87	0000	121

C:\Program Files\Microchip\xc8\v3.10\pic\sources\c99\common\doprnt.c estimated size: 972

main.c
		_main          		CODE           	0634	0000	136
		_readTC74      		CODE           	01B6	0000	265

main.c estimated size: 401

C:\Program Files\Microchip\xc8\v3.10\pic\sources\c99\common\Umul16.c
		___wmul        		CODE           	0B41	0000	31

C:\Program Files\Microchip\xc8\v3.10\pic\sources\c99\common\Umul16.c estimated size: 31

