Microchip MPLAB XC8 Compiler V3.10

Linker command line:

-W-3 \
  --edf=C:\Program Files\Microchip\xc8\v3.10\pic\dat\20250813170317_en.msgs \
  -cn -h+dist/default/production\tstTC74LCD.X.production.sym \
  --cmf=dist/default/production\tstTC74LCD.X.production.cmf -z -Q16F18875 \
  -oC:\Users\ptava\AppData\Local\Temp\xcAs1djc.0\driver_tmp_3.o \
  --defsym=__MPLAB_BUILD=1 --fixupoverflow=error \
  -Mdist/default/production/tstTC74LCD.X.production.map \
  --md=C:\Users\ptava\AppData\Local\Temp\xcAs1djc.0\driver_tmp_0.dat -E1 \
  -ver=XC8 Compiler -ACODE=00h-07FFhx4 -ASTRCODE=00h-01FFFh \
  -ASTRING=00h-0FFhx32 -ACONST=00h-0FFhx32 -AENTRY=00h-0FFhx32 \
  -ACOMMON=070h-07Fh -ABANK0=020h-06Fh -ABANK1=0A0h-0EFh \
  -ABANK2=0120h-016Fh -ABANK3=01A0h-01EFh -ABANK4=0220h-026Fh \
  -ABANK5=02A0h-02EFh -ABANK6=0320h-036Fh -ABANK7=03A0h-03EFh \
  -ABANK8=0420h-046Fh -ABANK9=04A0h-04EFh -ABANK10=0520h-056Fh \
  -ABANK11=05A0h-05EFh -ABANK12=0620h-064Fh -ABIGRAM=02000h-023EFh \
  -ARAM=020h-06Fh,0A0h-0EFh,0120h-016Fh,01A0h-01EFh,0220h-026Fh,02A0h-02EFh,0320h-036Fh,03A0h-03EFh,0420h-046Fh,04A0h-04EFh,0520h-056Fh,05A0h-05EFh,0620h-064Fh \
  -AABS1=020h-07Fh,0A0h-0EFh,0120h-016Fh,01A0h-01EFh,0220h-026Fh,02A0h-02EFh,0320h-036Fh,03A0h-03EFh,0420h-046Fh,04A0h-04EFh,0520h-056Fh,05A0h-05EFh,0620h-064Fh \
  -ASFR0=00h-01Fh -ASFR1=080h-09Fh -ASFR2=0100h-011Fh -ASFR3=0180h-019Fh \
  -ASFR4=0200h-021Fh -ASFR5=0280h-029Fh -ASFR6=0300h-031Fh \
  -ASFR7=0380h-039Fh -ASFR8=0400h-041Fh -ASFR9=0480h-049Fh \
  -ASFR10=0500h-051Fh -ASFR11=0580h-059Fh -ASFR12=0600h-061Fh \
  -ASFR13=0680h-06EFh -ASFR14=0700h-076Fh -ASFR15=0780h-07EFh \
  -ASFR16=0800h-086Fh -ASFR17=0880h-08EFh -ASFR18=0900h-096Fh \
  -ASFR19=0980h-09EFh -ASFR20=0A00h-0A6Fh -ASFR21=0A80h-0AEFh \
  -ASFR22=0B00h-0B6Fh -ASFR23=0B80h-0BEFh -ASFR24=0C00h-0C6Fh \
  -ASFR25=0C80h-0CEFh -ASFR26=0D00h-0D6Fh -ASFR27=0D80h-0DEFh \
  -ASFR28=0E00h-0E6Fh -ASFR29=0E80h-0EEFh -ASFR30=0F00h-0F6Fh \
  -ASFR31=0F80h-0FEFh -ACONFIG=08007h-0800Bh -DCONFIG=2 \
  -AIDLOC=08000h-08003h -DIDLOC=2 -AEEDATA=00h-0FFh/0F000h \
  -peeprom_data=EEDATA -DEEDATA=2 -DCODE=2 -DSTRCODE=2 -DSTRING=2 -DCONST=2 \
  -DENTRY=2 -preset_vec=00h,intentry=04h,sivt,init,end_init -ppowerup=CODE \
  -pcinit=CODE -pfunctab=ENTRY -k \
  C:\Users\ptava\AppData\Local\Temp\xcAs1djc.0\driver_tmp_20.o \
  dist/default/production\tstTC74LCD.X.production.o 

Object code version is 3.11

Machine type is 16F18875



                Name                               Link     Load   Length Selector   Space Scale
C:\Users\ptava\AppData\Local\Temp\xcAs1djc.0\driver_tmp_20.o
                end_init                             34       34        2        8       0
                reset_vec                             0        0        2        0       0
                config                             8007     8007        5        0       4
                idloc                              8000     8000        4        0       5
dist/default/production\tstTC74LCD.X.production.o
                cinit                                36       36       1F        8       0
                intentry                              4        4       30        8       0
                config                             8007     8007        5        0       4
                idloc                              8000     8000        4        0       5
                text62                              994      994        1     1328       0
                text61                              A10      A10        F     1420       0
                text60                              995      995        1     132A       0
                text59                              A1F      A1F        F     143E       0
                text58                              996      996        1     132C       0
                text57                              ACA      ACA       18     1594       0
                text56                              A2E      A2E       11     145C       0
                text55                              AB3      AB3       17     1566       0
                text53                              9EC      9EC        B     13D8       0
                text52                              9A0      9A0        6     1340       0
                text51                              998      998        3     1330       0
                text50                              A3F      A3F       12     147E       0
                text49                              9D8      9D8        A     13B0       0
                text48                              A03      A03        D     1406       0
                text47                              99B      99B        5     1336       0
                text46                              9E2      9E2        A     13C4       0
                text45                              9CF      9CF        9     139E       0
                text44                              CC2      CC2       4C     1984       0
                text43                              9BF      9BF        8     137E       0
                text42                              9F7      9F7        C     13EE       0
                text41                              9A6      9A6        6     134C       0
                text40                              A75      A75       14     14EA       0
                text39                              9AC      9AC        6     1358       0
                text38                              BB2      BB2       2A     1764       0
                text37                              AE2      AE2       19     15C4       0
                text36                              C77      C77       4B     18EE       0
                text35                              7B8      7B8       43        8       0
                text34                              4FC      4FC       B1        8       0
                text33                              73C      73C       7C        8       0
                text32                              9B8      9B8        7     1370       0
                text31                              9C7      9C7        8     138E       0
                text30                              A89      A89       15     1512       0
                text29                              997      997        1     132E       0
                text28                              E05      E05       59     1C0A       0
                text27                              F15      F15       72     1E2A       0
                text26                              E5E      E5E       5B     1CBC       0
                text25                              D0E      D0E       51     1A1C       0
                text24                              A51      A51       12     14A2       0
                text23                              B8E      B8E       24     171C       0
                text22                              A9E      A9E       15     153C       0
                text21                              DB0      DB0       55     1B60       0
                text20                              444      444       B8        8       0
                text19                              B4F      B4F       1F     169E       0
                text18                              EB9      EB9       5C     1D72       0
                text17                              C3D      C3D       3A     187A       0
                text16                              C0B      C0B       32     1816       0
                text15                              F87      F87       79     1F0E       0
                text14                               55       55      149        8       0
                text13                              BDC      BDC       2F     17B8       0
                text12                              5AD      5AD       89        8       0
                text11                              387      387       BD        8       0
                text10                              A63      A63       12     14C6       0
                text9                               B15      B15       1D     162A       0
                text8                               7FB      7FB        5        8       0
                text7                               B32      B32       1D     1664       0
                text6                               6BD      6BD       7F        8       0
                text5                               2A7      2A7       E0        8       0
                text4                               D5F      D5F       51     1ABE       0
                text3                               AFB      AFB       1A     15F6       0
                text2                               19E      19E      109        8       0
                text1                               B6E      B6E       20     16DC       0
                maintext                            636      636       87        8       0
                cstackBANK0                          20       20       50       20       1
                cstackCOMMON                         70       70        A       70       1
                cstackBANK1                          A0       A0       4D       A0       1
                cstackBANK2                         154      154       1A      120       1
                clrtext                             9B2      9B2        6     1364       0
                bssBANK3                            1A0      1A0       24      1A0       1
                dataBANK2                           16E      16E        2      120       1
                bssBANK2                            120      120       34      120       1
                bssCOMMON                            7A       7A        2       70       1
                stringtext6                        1070     1070        7     2000       0
                stringtext5                        1064     1064        C     2000       0
                stringtext4                        1055     1055        F     2000       0
                stringtext3                        103B     103B       1A     2000       0
                stringtext2                        1020     1020       1B     2000       0
                nvBANK3                             1C4      1C4        6      1A0       1
                stringtext1                        1000     1000       20     2000       0
                idataBANK2                            2        2        2        0       0

TOTAL           Name                               Link     Load   Length     Space
        CLASS   CODE           
                end_init                             34       34        2         0
                cinit                                36       36       1F         0
                intentry                              4        4       30         0
                reset_vec                             0        0        2         0
                text62                              994      994        1         0
                text61                              A10      A10        F         0
                text60                              995      995        1         0
                text59                              A1F      A1F        F         0
                text58                              996      996        1         0
                text57                              ACA      ACA       18         0
                text56                              A2E      A2E       11         0
                text55                              AB3      AB3       17         0
                text53                              9EC      9EC        B         0
                text52                              9A0      9A0        6         0
                text51                              998      998        3         0
                text50                              A3F      A3F       12         0
                text49                              9D8      9D8        A         0
                text48                              A03      A03        D         0
                text47                              99B      99B        5         0
                text46                              9E2      9E2        A         0
                text45                              9CF      9CF        9         0
                text44                              CC2      CC2       4C         0
                text43                              9BF      9BF        8         0
                text42                              9F7      9F7        C         0
                text41                              9A6      9A6        6         0
                text40                              A75      A75       14         0
                text39                              9AC      9AC        6         0
                text38                              BB2      BB2       2A         0
                text37                              AE2      AE2       19         0
                text36                              C77      C77       4B         0
                text35                              7B8      7B8       43         0
                text34                              4FC      4FC       B1         0
                text33                              73C      73C       7C         0
                text32                              9B8      9B8        7         0
                text31                              9C7      9C7        8         0
                text30                              A89      A89       15         0
                text29                              997      997        1         0
                text28                              E05      E05       59         0
                text27                              F15      F15       72         0
                text26                              E5E      E5E       5B         0
                text25                              D0E      D0E       51         0
                text24                              A51      A51       12         0
                text23                              B8E      B8E       24         0
                text22                              A9E      A9E       15         0
                text21                              DB0      DB0       55         0
                text20                              444      444       B8         0
                text19                              B4F      B4F       1F         0
                text18                              EB9      EB9       5C         0
                text17                              C3D      C3D       3A         0
                text16                              C0B      C0B       32         0
                text15                              F87      F87       79         0
                text14                               55       55      149         0
                text13                              BDC      BDC       2F         0
                text12                              5AD      5AD       89         0
                text11                              387      387       BD         0
                text10                              A63      A63       12         0
                text9                               B15      B15       1D         0
                text8                               7FB      7FB        5         0
                text7                               B32      B32       1D         0
                text6                               6BD      6BD       7F         0
                text5                               2A7      2A7       E0         0
                text4                               D5F      D5F       51         0
                text3                               AFB      AFB       1A         0
                text2                               19E      19E      109         0
                text1                               B6E      B6E       20         0
                maintext                            636      636       87         0
                clrtext                             9B2      9B2        6         0
                idataBANK2                            2        2        2         0

        CLASS   STRCODE        
                stringtext6                        1070     1070        7         0
                stringtext5                        1064     1064        C         0
                stringtext4                        1055     1055        F         0
                stringtext3                        103B     103B       1A         0
                stringtext2                        1020     1020       1B         0
                stringtext1                        1000     1000       20         0

        CLASS   STRING         

        CLASS   CONST          

        CLASS   ENTRY          

        CLASS   COMMON         
                cstackCOMMON                         70       70        A         1
                bssCOMMON                            7A       7A        2         1

        CLASS   BANK0          
                cstackBANK0                          20       20       50         1

        CLASS   BANK1          
                cstackBANK1                          A0       A0       4D         1

        CLASS   BANK2          
                cstackBANK2                         154      154       1A         1
                dataBANK2                           16E      16E        2         1
                bssBANK2                            120      120       34         1

        CLASS   BANK3          
                bssBANK3                            1A0      1A0       24         1
                nvBANK3                             1C4      1C4        6         1

        CLASS   BANK4          

        CLASS   BANK5          

        CLASS   BANK6          

        CLASS   BANK7          

        CLASS   BANK8          

        CLASS   BANK9          

        CLASS   BANK10         

        CLASS   BANK11         

        CLASS   BANK12         

        CLASS   BIGRAM         

        CLASS   RAM            

        CLASS   ABS1           
                abs_s1                               7E       7E        2         1

        CLASS   SFR0           

        CLASS   SFR1           

        CLASS   SFR2           

        CLASS   SFR3           

        CLASS   SFR4           

        CLASS   SFR5           

        CLASS   SFR6           

        CLASS   SFR7           

        CLASS   SFR8           

        CLASS   SFR9           

        CLASS   SFR10          

        CLASS   SFR11          

        CLASS   SFR12          

        CLASS   SFR13          

        CLASS   SFR14          

        CLASS   SFR15          

        CLASS   SFR16          

        CLASS   SFR17          

        CLASS   SFR18          

        CLASS   SFR19          

        CLASS   SFR20          

        CLASS   SFR21          

        CLASS   SFR22          

        CLASS   SFR23          

        CLASS   SFR24          

        CLASS   SFR25          

        CLASS   SFR26          

        CLASS   SFR27          

        CLASS   SFR28          

        CLASS   SFR29          

        CLASS   SFR30          

        CLASS   SFR31          

        CLASS   CONFIG         
                config                             8007     8007        5         4

        CLASS   IDLOC          
                idloc                              8000     8000        4         5

        CLASS   EEDATA         

        CLASS   BANK31         

        CLASS   BANK30         

        CLASS   BANK29         

        CLASS   BANK28         

        CLASS   BANK27         

        CLASS   BANK26         

        CLASS   BANK25         

        CLASS   BANK24         

        CLASS   BANK23         

        CLASS   BANK22         

        CLASS   BANK21         

        CLASS   BANK20         

        CLASS   BANK19         

        CLASS   BANK18         

        CLASS   BANK17         

        CLASS   BANK16         

        CLASS   BANK15         

        CLASS   BANK14         

        CLASS   BANK13         

        CLASS   HEAP           

        CLASS   STACK          



SEGMENTS        Name                           Load    Length   Top    Selector   Space  Class     Delta

                reset_vec                      000000  000004  000004         0       0  CODE        2
                intentry                       000004  0007FC  000800         8       0  CODE        2
                cstackBANK0                    000020  000050  000070        20       1  BANK0       1
                cstackCOMMON                   000070  00000C  00007C        70       1  COMMON      1
                cstackBANK1                    0000A0  00004D  0000ED        A0       1  BANK1       1
                bssBANK2                       000120  000050  000170       120       1  BANK2       1
                bssBANK3                       0001A0  00002A  0001CA       1A0       1  BANK3       1
                text62                         000994  000001  000995      1328       0  CODE        2
                text60                         000995  000001  000996      132A       0  CODE        2
                text58                         000996  000001  000997      132C       0  CODE        2
                text29                         000997  000001  000998      132E       0  CODE        2
                text51                         000998  000003  00099B      1330       0  CODE        2
                text47                         00099B  000005  0009A0      1336       0  CODE        2
                text52                         0009A0  000006  0009A6      1340       0  CODE        2
                text41                         0009A6  000006  0009AC      134C       0  CODE        2
                text39                         0009AC  000006  0009B2      1358       0  CODE        2
                clrtext                        0009B2  000006  0009B8      1364       0  CODE        2
                text32                         0009B8  000007  0009BF      1370       0  CODE        2
                text43                         0009BF  000008  0009C7      137E       0  CODE        2
                text31                         0009C7  000008  0009CF      138E       0  CODE        2
                text45                         0009CF  000009  0009D8      139E       0  CODE        2
                text49                         0009D8  00000A  0009E2      13B0       0  CODE        2
                text46                         0009E2  00000A  0009EC      13C4       0  CODE        2
                text53                         0009EC  00000B  0009F7      13D8       0  CODE        2
                text42                         0009F7  00000C  000A03      13EE       0  CODE        2
                text48                         000A03  00000D  000A10      1406       0  CODE        2
                text61                         000A10  00000F  000A1F      1420       0  CODE        2
                text59                         000A1F  00000F  000A2E      143E       0  CODE        2
                text56                         000A2E  000011  000A3F      145C       0  CODE        2
                text50                         000A3F  000012  000A51      147E       0  CODE        2
                text24                         000A51  000012  000A63      14A2       0  CODE        2
                text10                         000A63  000012  000A75      14C6       0  CODE        2
                text40                         000A75  000014  000A89      14EA       0  CODE        2
                text30                         000A89  000015  000A9E      1512       0  CODE        2
                text22                         000A9E  000015  000AB3      153C       0  CODE        2
                text55                         000AB3  000017  000ACA      1566       0  CODE        2
                text57                         000ACA  000018  000AE2      1594       0  CODE        2
                text37                         000AE2  000019  000AFB      15C4       0  CODE        2
                text3                          000AFB  00001A  000B15      15F6       0  CODE        2
                text9                          000B15  00001D  000B32      162A       0  CODE        2
                text7                          000B32  00001D  000B4F      1664       0  CODE        2
                text19                         000B4F  00001F  000B6E      169E       0  CODE        2
                text1                          000B6E  000020  000B8E      16DC       0  CODE        2
                text23                         000B8E  000024  000BB2      171C       0  CODE        2
                text38                         000BB2  00002A  000BDC      1764       0  CODE        2
                text13                         000BDC  00002F  000C0B      17B8       0  CODE        2
                text16                         000C0B  000032  000C3D      1816       0  CODE        2
                text17                         000C3D  00003A  000C77      187A       0  CODE        2
                text36                         000C77  00004B  000CC2      18EE       0  CODE        2
                text44                         000CC2  00004C  000D0E      1984       0  CODE        2
                text25                         000D0E  000051  000D5F      1A1C       0  CODE        2
                text4                          000D5F  000051  000DB0      1ABE       0  CODE        2
                text21                         000DB0  000055  000E05      1B60       0  CODE        2
                text28                         000E05  000059  000E5E      1C0A       0  CODE        2
                text26                         000E5E  00005B  000EB9      1CBC       0  CODE        2
                text18                         000EB9  00005C  000F15      1D72       0  CODE        2
                text27                         000F15  000072  000F87      1E2A       0  CODE        2
                text15                         000F87  000079  001000      1F0E       0  CODE        2
                stringtext1                    001000  000077  001077      2000       0  STRCODE     2


UNUSED ADDRESS RANGES

        Name                Unused          Largest block    Delta
        BANK1            000ED-000EF               3           1
        BANK10           00520-0056F              50           1
        BANK11           005A0-005EF              50           1
        BANK12           00620-0064F              30           1
        BANK3            001CA-001EF              26           1
        BANK4            00220-0026F              50           1
        BANK5            002A0-002EF              50           1
        BANK6            00320-0036F              50           1
        BANK7            003A0-003EF              50           1
        BANK8            00420-0046F              50           1
        BANK9            004A0-004EF              50           1
        BIGRAM           02000-023EF             3F0           1
        CODE             00800-00993             194           2
                         01077-01FFF             789
        COMMON           0007C-0007D               2           1
        CONST            00800-00993             100           2
                         01077-01FFF             100
        EEDATA           0F000-0F0FF             100           2
        ENTRY            00800-00993             100           2
                         01077-01FFF             100
        RAM              000ED-000EF               3           1
                         001CA-001EF              26
                         00220-0026F              50
                         002A0-002EF              50
                         00320-0036F              50
                         003A0-003EF              50
                         00420-0046F              50
                         004A0-004EF              50
                         00520-0056F              50
                         005A0-005EF              50
                         00620-0064F              30
        SFR0             00000-0001F              20           1
        SFR1             00080-0009F              20           1
        SFR10            00500-0051F              20           1
        SFR11            00580-0059F              20           1
        SFR12            00600-0061F              20           1
        SFR13            00680-006EF              70           1
        SFR14            00700-0076F              70           1
        SFR15            00780-007EF              70           1
        SFR16            00800-0086F              70           1
        SFR17            00880-008EF              70           1
        SFR18            00900-0096F              70           1
        SFR19            00980-009EF              70           1
        SFR2             00100-0011F              20           1
        SFR20            00A00-00A6F              70           1
        SFR21            00A80-00AEF              70           1
        SFR22            00B00-00B6F              70           1
        SFR23            00B80-00BEF              70           1
        SFR24            00C00-00C6F              70           1
        SFR25            00C80-00CEF              70           1
        SFR26            00D00-00D6F              70           1
        SFR27            00D80-00DEF              70           1
        SFR28            00E00-00E6F              70           1
        SFR29            00E80-00EEF              70           1
        SFR3             00180-0019F              20           1
        SFR30            00F00-00F6F              70           1
        SFR31            00F80-00FEF              70           1
        SFR4             00200-0021F              20           1
        SFR5             00280-0029F              20           1
        SFR6             00300-0031F              20           1
        SFR7             00380-0039F              20           1
        SFR8             00400-0041F              20           1
        SFR9             00480-0049F              20           1
        STRCODE          00800-00993             194           2
                         01077-01FFF             F89
        STRING           00800-00993             100           2
                         01077-01FFF             100

                                  Symbol Table

?_AppClock_Seconds                            cstackCOMMON 00072
?___awdiv                                     cstackCOMMON 00072
?___awmod                                     cstackCOMMON 00072
?___lwdiv                                     cstackCOMMON 00072
?___lwmod                                     cstackCOMMON 00072
?___wmul                                      cstackCOMMON 00072
?_abs                                         cstackCOMMON 00078
?_ctoa                                        cstackBANK0  00025
?_dtoa                                        cstackBANK0  00032
?_pad                                         cstackBANK0  0002B
?_read_prec_or_width                          cstackCOMMON 00078
?_snprintf                                    cstackBANK0  00057
?_sprintf                                     cstackBANK0  00057
?_strlen                                      cstackCOMMON 00072
?_utoa                                        cstackBANK0  00032
?_vfpfcnvrt                                   cstackBANK0  0003F
?_vfprintf                                    cstackBANK0  0004F
LCDchar@c                                     cstackCOMMON 00079
LCDcmd@c                                      cstackCOMMON 00079
LCDsend2x4@c                                  cstackCOMMON 00076
LCDsend2x4@hc                                 cstackCOMMON 00077
LCDsend2x4@lc                                 cstackCOMMON 00078
LCDsend2x4@mode                               cstackCOMMON 00074
LCDsend@c                                     cstackCOMMON 00075
LCDstr@c                                      cstackBANK0  00022
LCDstr@p                                      cstackBANK0  00020
RenderConfig@line1                            cstackBANK1  000BC
RenderConfig@line2                            cstackBANK1  000CD
RenderConfig@mC                               cstackBANK1  000DE
RenderConfig@mL                               cstackBANK1  000E0
RenderConfig@mT                               cstackBANK1  000DF
RenderNormal@line1                            cstackBANK1  000B6
RenderNormal@line2                            cstackBANK1  000C7
TMR0_SetInterruptHandler@InterruptHandler     cstackCOMMON 00072
TMR1_SetGateInterruptHandler@InterruptHandler cstackCOMMON 00072
TMR1_SetInterruptHandler@InterruptHandler     cstackCOMMON 00072
TMR1_WriteTimer@timerVal                      cstackCOMMON 00070
UI_OnTick1s@s1                                cstackBANK0  0006E
UI_OnTick1s@s2                                cstackBANK0  0006F
WriteI2C@data_out                             cstackCOMMON 00073
_ANSELA                                       (abs)        00F38
_ANSELAbits                                   (abs)        00F38
_ANSELB                                       (abs)        00F43
_ANSELC                                       (abs)        00F4E
_ANSELD                                       (abs)        00F59
_ANSELE                                       (abs)        00F64
_AppClock_ConsumeTick1s                       text53       009EC
_AppClock_Init                                text50       00A3F
_AppClock_Seconds                             text49       009D8
_CLKRCLK                                      (abs)        00896
_CLKRCON                                      (abs)        00895
_CLKREF_Initialize                            text47       0099B
_ClearAlarmFlags                              text8        007FB
_Clock_Tick1s                                 text9        00B15
_I2C1_CallbackReturnReset                     (abs)        00000
_I2C1_CallbackReturnStop                      (abs)        00000
_I2C1_DO_ADDRESS_NACK                         (abs)        00000
_I2C1_DO_IDLE                                 (abs)        00000
_I2C1_DO_RCEN                                 (abs)        00000
_I2C1_DO_RESET                                (abs)        00000
_I2C1_DO_RX                                   (abs)        00000
_I2C1_DO_RX_ACK                               (abs)        00000
_I2C1_DO_RX_NACK_RESTART                      (abs)        00000
_I2C1_DO_RX_NACK_STOP                         (abs)        00000
_I2C1_DO_SEND_ADR_READ                        (abs)        00000
_I2C1_DO_SEND_ADR_WRITE                       (abs)        00000
_I2C1_DO_SEND_RESTART                         (abs)        00000
_I2C1_DO_SEND_RESTART_READ                    (abs)        00000
_I2C1_DO_SEND_RESTART_WRITE                   (abs)        00000
_I2C1_DO_SEND_STOP                            (abs)        00000
_I2C1_DO_TX                                   (abs)        00000
_I2C1_DO_TX_EMPTY                             (abs)        00000
_I2C1_Initialize                              text46       009E2
_I2C1_MasterIsr                               (abs)        00000
_I2C1_Status                                  bssBANK2     00120
_INLVLA                                       (abs)        00F3C
_INLVLB                                       (abs)        00F47
_INLVLC                                       (abs)        00F52
_INLVLD                                       (abs)        00F5D
_INLVLE                                       (abs)        00F68
_INTCONbits                                   (abs)        0000B
_INTERRUPT_InterruptManager                   intentry     00004
_LATA                                         (abs)        00016
_LATAbits                                     (abs)        00016
_LATB                                         (abs)        00017
_LATC                                         (abs)        00018
_LATD                                         (abs)        00019
_LATE                                         (abs)        0001A
_LCDchar                                      text31       009C7
_LCDcmd                                       text32       009B8
_LCDinit                                      text33       0073C
_LCDsend                                      text35       007B8
_LCDsend2x4                                   text34       004FC
_LCDstr                                       text30       00A89
_MSSP1_InterruptHandler                       bssBANK2     00147
_ODCONA                                       (abs)        00F3A
_ODCONB                                       (abs)        00F45
_ODCONC                                       (abs)        00F50
_ODCOND                                       (abs)        00F5B
_ODCONE                                       (abs)        00F66
_OSCCON1                                      (abs)        0088D
_OSCCON3                                      (abs)        0088F
_OSCEN                                        (abs)        00891
_OSCFRQ                                       (abs)        00893
_OSCILLATOR_Initialize                        text45       009CF
_OSCTUNE                                      (abs)        00892
_OnS1Pressed                                  text7        00B32
_OnS2Pressed                                  text6        006BD
_OpenI2C                                      text48       00A03
_PIE0bits                                     (abs)        00716
_PIE3bits                                     (abs)        00719
_PIE4bits                                     (abs)        0071A
_PIE5bits                                     (abs)        0071B
_PIN_MANAGER_Initialize                       text44       00CC2
_PIR0bits                                     (abs)        0070C
_PIR3bits                                     (abs)        0070F
_PIR4bits                                     (abs)        00710
_PIR5bits                                     (abs)        00711
_PMD0                                         (abs)        00796
_PMD1                                         (abs)        00797
_PMD2                                         (abs)        00798
_PMD3                                         (abs)        00799
_PMD4                                         (abs)        0079A
_PMD5                                         (abs)        0079B
_PMD_Initialize                               text43       009BF
_PORTBbits                                    (abs)        0000D
_PORTCbits                                    (abs)        0000E
_RC3PPS                                       (abs)        00F23
_RC4PPS                                       (abs)        00F24
_ReadI2C                                      text3        00AFB
_RenderConfig                                 text5        002A7
_RenderConfig$2510                            cstackBANK1  000E1
_RenderConfig$2512                            cstackBANK1  000E3
_RenderConfig$2514                            cstackBANK1  000E5
_RenderConfig$2516                            cstackBANK1  000E7
_RenderNormal                                 text11       00387
_RenderNormal$2501                            cstackBANK1  000D8
_RenderNormal$2502                            cstackBANK1  000DA
_RenderNormal$2503                            cstackBANK1  000DC
_RenderNormal$2504                            cstackBANK1  000DE
_SLRCONA                                      (abs)        00F3B
_SLRCONB                                      (abs)        00F46
_SLRCONC                                      (abs)        00F51
_SLRCOND                                      (abs)        00F5C
_SLRCONE                                      (abs)        00F67
_SMT1CLK                                      (abs)        0049B
_SMT1CON0                                     (abs)        00498
_SMT1CON0bits                                 (abs)        00498
_SMT1CON1                                     (abs)        00499
_SMT1CON1bits                                 (abs)        00499
_SMT1CPR                                      (abs)        0048F
_SMT1CPW                                      (abs)        00492
_SMT1PR                                       (abs)        00495
_SMT1PRH                                      (abs)        00496
_SMT1PRL                                      (abs)        00495
_SMT1PRU                                      (abs)        00497
_SMT1SIG                                      (abs)        0049C
_SMT1SIGPPS                                   (abs)        00EAA
_SMT1STAT                                     (abs)        0049A
_SMT1STATbits                                 (abs)        0049A
_SMT1TMR                                      (abs)        0048C
_SMT1WIN                                      (abs)        0049D
_SMT1WINPPS                                   (abs)        00EA9
_SMT1_Initialize                              text42       009F7
_SSP1ADD                                      (abs)        0018D
_SSP1BUF                                      (abs)        0018C
_SSP1CLKPPS                                   (abs)        00EC5
_SSP1CON1                                     (abs)        00190
_SSP1CON1bits                                 (abs)        00190
_SSP1CON2                                     (abs)        00191
_SSP1CON2bits                                 (abs)        00191
_SSP1DATPPS                                   (abs)        00EC6
_SSP1STAT                                     (abs)        0018F
_SSP1STATbits                                 (abs)        0018F
_SYSTEM_Initialize                            text37       00AE2
_T0CON0                                       (abs)        0001E
_T0CON0bits                                   (abs)        0001E
_T0CON1                                       (abs)        0001F
_T1CLK                                        (abs)        00211
_T1CON                                        (abs)        0020E
_T1CONbits                                    (abs)        0020E
_T1GATE                                       (abs)        00210
_T1GCON                                       (abs)        0020F
_T1GCONbits                                   (abs)        0020F
_TMR0H                                        (abs)        0001D
_TMR0L                                        (abs)        0001C
_TMR0_DefaultInterruptHandler                 text62       00994
_TMR0_ISR                                     text61       00A10
_TMR0_Initialize                              text40       00A75
_TMR0_InterruptHandler                        nvBANK3      001C4
_TMR0_SetInterruptHandler                     text41       009A6
_TMR1H                                        (abs)        0020D
_TMR1L                                        (abs)        0020C
_TMR1_1sCallback                              text57       00ACA
_TMR1_DefaultGateInterruptHandler             text60       00995
_TMR1_DefaultInterruptHandler                 text58       00996
_TMR1_GATE_ISR                                text59       00A1F
_TMR1_GateInterruptHandler                    nvBANK3      001C6
_TMR1_ISR                                     text55       00AB3
_TMR1_Initialize                              text38       00BB2
_TMR1_InterruptHandler                        nvBANK3      001C8
_TMR1_SetGateInterruptHandler                 text39       009AC
_TMR1_SetInterruptHandler                     text52       009A0
_TMR1_StartTimer                              text51       00998
_TMR1_WriteTimer                              text56       00A2E
_TRISA                                        (abs)        00011
_TRISAbits                                    (abs)        00011
_TRISB                                        (abs)        00012
_TRISC                                        (abs)        00013
_TRISCbits                                    (abs)        00013
_TRISD                                        (abs)        00014
_TRISE                                        (abs)        00015
_UI_Init                                      text10       00A63
_UI_OnTick1s                                  text4        00D5F
_WPUA                                         (abs)        00F39
_WPUB                                         (abs)        00F44
_WPUC                                         (abs)        00F4F
_WPUD                                         (abs)        00F5A
_WPUE                                         (abs)        00F65
_WriteI2C                                     text36       00C77
__H__absolute__                               __absolute__ 00000
__Habs1                                       abs1         00000
__Hbank0                                      bank0        00000
__Hbank1                                      bank1        00000
__Hbank10                                     bank10       00000
__Hbank11                                     bank11       00000
__Hbank12                                     bank12       00000
__Hbank13                                     bank13       00000
__Hbank14                                     bank14       00000
__Hbank15                                     bank15       00000
__Hbank16                                     bank16       00000
__Hbank17                                     bank17       00000
__Hbank18                                     bank18       00000
__Hbank19                                     bank19       00000
__Hbank2                                      bank2        00000
__Hbank20                                     bank20       00000
__Hbank21                                     bank21       00000
__Hbank22                                     bank22       00000
__Hbank23                                     bank23       00000
__Hbank24                                     bank24       00000
__Hbank25                                     bank25       00000
__Hbank26                                     bank26       00000
__Hbank27                                     bank27       00000
__Hbank28                                     bank28       00000
__Hbank29                                     bank29       00000
__Hbank3                                      bank3        00000
__Hbank30                                     bank30       00000
__Hbank31                                     bank31       00000
__Hbank4                                      bank4        00000
__Hbank5                                      bank5        00000
__Hbank6                                      bank6        00000
__Hbank7                                      bank7        00000
__Hbank8                                      bank8        00000
__Hbank9                                      bank9        00000
__Hbigram                                     bigram       00000
__HbssBANK2                                   bssBANK2     00000
__HbssBANK3                                   bssBANK3     00000
__HbssCOMMON                                  bssCOMMON    00000
__Hcinit                                      cinit        00055
__Hclrtext                                    clrtext      00000
__Hcode                                       code         00000
__Hcommon                                     common       00000
__Hconfig                                     config       0800C
__HcstackBANK0                                cstackBANK0  00000
__HcstackBANK1                                cstackBANK1  00000
__HcstackBANK2                                cstackBANK2  00000
__HcstackCOMMON                               cstackCOMMON 00000
__HdataBANK2                                  dataBANK2    00000
__Heeprom_data                                eeprom_data  00000
__Hend_init                                   end_init     00036
__Hfunctab                                    functab      00000
__Hheap                                       heap         00000
__HidataBANK2                                 idataBANK2   00000
__Hidloc                                      idloc        08004
__Hinit                                       init         00034
__Hintentry                                   intentry     00034
__Hmaintext                                   maintext     00000
__HnvBANK3                                    nvBANK3      00000
__Hpowerup                                    powerup      00000
__Hram                                        ram          00000
__Hreset_vec                                  reset_vec    00002
__Hsfr0                                       sfr0         00000
__Hsfr1                                       sfr1         00000
__Hsfr10                                      sfr10        00000
__Hsfr11                                      sfr11        00000
__Hsfr12                                      sfr12        00000
__Hsfr13                                      sfr13        00000
__Hsfr14                                      sfr14        00000
__Hsfr15                                      sfr15        00000
__Hsfr16                                      sfr16        00000
__Hsfr17                                      sfr17        00000
__Hsfr18                                      sfr18        00000
__Hsfr19                                      sfr19        00000
__Hsfr2                                       sfr2         00000
__Hsfr20                                      sfr20        00000
__Hsfr21                                      sfr21        00000
__Hsfr22                                      sfr22        00000
__Hsfr23                                      sfr23        00000
__Hsfr24                                      sfr24        00000
__Hsfr25                                      sfr25        00000
__Hsfr26                                      sfr26        00000
__Hsfr27                                      sfr27        00000
__Hsfr28                                      sfr28        00000
__Hsfr29                                      sfr29        00000
__Hsfr3                                       sfr3         00000
__Hsfr30                                      sfr30        00000
__Hsfr31                                      sfr31        00000
__Hsfr4                                       sfr4         00000
__Hsfr5                                       sfr5         00000
__Hsfr6                                       sfr6         00000
__Hsfr7                                       sfr7         00000
__Hsfr8                                       sfr8         00000
__Hsfr9                                       sfr9         00000
__Hsivt                                       sivt         00034
__Hspace_0                                    (abs)        01077
__Hspace_1                                    (abs)        001CA
__Hspace_2                                    (abs)        00000
__Hspace_3                                    (abs)        00000
__Hspace_4                                    (abs)        10013
__Hstack                                      stack        00000
__Hstrings                                    strings      00000
__Hstringtext1                                stringtext1  00000
__Hstringtext2                                stringtext2  00000
__Hstringtext3                                stringtext3  00000
__Hstringtext4                                stringtext4  00000
__Hstringtext5                                stringtext5  00000
__Hstringtext6                                stringtext6  00000
__Hstringtext7                                stringtext7  00000
__Htext                                       text         00000
__L__absolute__                               __absolute__ 00000
__Labs1                                       abs1         00000
__Lbank0                                      bank0        00000
__Lbank1                                      bank1        00000
__Lbank10                                     bank10       00000
__Lbank11                                     bank11       00000
__Lbank12                                     bank12       00000
__Lbank13                                     bank13       00000
__Lbank14                                     bank14       00000
__Lbank15                                     bank15       00000
__Lbank16                                     bank16       00000
__Lbank17                                     bank17       00000
__Lbank18                                     bank18       00000
__Lbank19                                     bank19       00000
__Lbank2                                      bank2        00000
__Lbank20                                     bank20       00000
__Lbank21                                     bank21       00000
__Lbank22                                     bank22       00000
__Lbank23                                     bank23       00000
__Lbank24                                     bank24       00000
__Lbank25                                     bank25       00000
__Lbank26                                     bank26       00000
__Lbank27                                     bank27       00000
__Lbank28                                     bank28       00000
__Lbank29                                     bank29       00000
__Lbank3                                      bank3        00000
__Lbank30                                     bank30       00000
__Lbank31                                     bank31       00000
__Lbank4                                      bank4        00000
__Lbank5                                      bank5        00000
__Lbank6                                      bank6        00000
__Lbank7                                      bank7        00000
__Lbank8                                      bank8        00000
__Lbank9                                      bank9        00000
__Lbigram                                     bigram       00000
__LbssBANK2                                   bssBANK2     00000
__LbssBANK3                                   bssBANK3     00000
__LbssCOMMON                                  bssCOMMON    00000
__Lcinit                                      cinit        00036
__Lclrtext                                    clrtext      00000
__Lcode                                       code         00000
__Lcommon                                     common       00000
__Lconfig                                     config       00000
__LcstackBANK0                                cstackBANK0  00000
__LcstackBANK1                                cstackBANK1  00000
__LcstackBANK2                                cstackBANK2  00000
__LcstackCOMMON                               cstackCOMMON 00000
__LdataBANK2                                  dataBANK2    00000
__Leeprom_data                                eeprom_data  00000
__Lend_init                                   end_init     00034
__Lfunctab                                    functab      00000
__Lheap                                       heap         00000
__LidataBANK2                                 idataBANK2   00000
__Lidloc                                      idloc        00000
__Linit                                       init         00034
__Lintentry                                   intentry     00004
__Lmaintext                                   maintext     00000
__LnvBANK3                                    nvBANK3      00000
__Lpowerup                                    powerup      00000
__Lram                                        ram          00000
__Lreset_vec                                  reset_vec    00000
__Lsfr0                                       sfr0         00000
__Lsfr1                                       sfr1         00000
__Lsfr10                                      sfr10        00000
__Lsfr11                                      sfr11        00000
__Lsfr12                                      sfr12        00000
__Lsfr13                                      sfr13        00000
__Lsfr14                                      sfr14        00000
__Lsfr15                                      sfr15        00000
__Lsfr16                                      sfr16        00000
__Lsfr17                                      sfr17        00000
__Lsfr18                                      sfr18        00000
__Lsfr19                                      sfr19        00000
__Lsfr2                                       sfr2         00000
__Lsfr20                                      sfr20        00000
__Lsfr21                                      sfr21        00000
__Lsfr22                                      sfr22        00000
__Lsfr23                                      sfr23        00000
__Lsfr24                                      sfr24        00000
__Lsfr25                                      sfr25        00000
__Lsfr26                                      sfr26        00000
__Lsfr27                                      sfr27        00000
__Lsfr28                                      sfr28        00000
__Lsfr29                                      sfr29        00000
__Lsfr3                                       sfr3         00000
__Lsfr30                                      sfr30        00000
__Lsfr31                                      sfr31        00000
__Lsfr4                                       sfr4         00000
__Lsfr5                                       sfr5         00000
__Lsfr6                                       sfr6         00000
__Lsfr7                                       sfr7         00000
__Lsfr8                                       sfr8         00000
__Lsfr9                                       sfr9         00000
__Lsivt                                       sivt         00034
__Lspace_0                                    (abs)        00000
__Lspace_1                                    (abs)        00000
__Lspace_2                                    (abs)        00000
__Lspace_3                                    (abs)        00000
__Lspace_4                                    (abs)        00000
__Lstack                                      stack        00000
__Lstrings                                    strings      00000
__Lstringtext1                                stringtext1  00000
__Lstringtext2                                stringtext2  00000
__Lstringtext3                                stringtext3  00000
__Lstringtext4                                stringtext4  00000
__Lstringtext5                                stringtext5  00000
__Lstringtext6                                stringtext6  00000
__Lstringtext7                                stringtext7  00000
__Ltext                                       text         00000
__S0                                          (abs)        01077
__S1                                          (abs)        001CA
__S3                                          (abs)        00000
___awdiv                                      text26       00E5E
___awdiv@counter                              cstackCOMMON 00076
___awdiv@dividend                             cstackCOMMON 00074
___awdiv@divisor                              cstackCOMMON 00072
___awdiv@quotient                             cstackCOMMON 00078
___awdiv@sign                                 cstackCOMMON 00077
___awmod                                      text25       00D0E
___awmod@counter                              cstackCOMMON 00076
___awmod@dividend                             cstackCOMMON 00074
___awmod@divisor                              cstackCOMMON 00072
___awmod@sign                                 cstackCOMMON 00077
___heap_hi                                    (abs)        00000
___heap_lo                                    (abs)        00000
___int_sp                                     stack        00000
___int_stack_hi                               stack        00000
___int_stack_lo                               stack        00000
___latbits                                    (abs)        00002
___lwdiv                                      text17       00C3D
___lwdiv@counter                              cstackCOMMON 00076
___lwdiv@dividend                             cstackCOMMON 00074
___lwdiv@divisor                              cstackCOMMON 00072
___lwdiv@quotient                             cstackCOMMON 00077
___lwmod                                      text16       00C0B
___lwmod@counter                              cstackCOMMON 00076
___lwmod@dividend                             cstackCOMMON 00074
___lwmod@divisor                              cstackCOMMON 00072
___sp                                         stack        00000
___stack_hi                                   stack        00000
___stack_lo                                   stack        00000
___stackhi                                    (abs)        00000
___stacklo                                    (abs)        00000
___wmul                                       text19       00B4F
___wmul@multiplicand                          cstackCOMMON 00074
___wmul@multiplier                            cstackCOMMON 00072
___wmul@product                               cstackCOMMON 00076
__end_of_AppClock_ConsumeTick1s               text53       009F7
__end_of_AppClock_Init                        text50       00A51
__end_of_AppClock_Seconds                     text49       009E2
__end_of_CLKREF_Initialize                    text47       009A0
__end_of_ClearAlarmFlags                      text8        00800
__end_of_Clock_Tick1s                         text9        00B32
__end_of_I2C1_Initialize                      text46       009EC
__end_of_INTERRUPT_InterruptManager           intentry     00034
__end_of_LCDchar                              text31       009CF
__end_of_LCDcmd                               text32       009BF
__end_of_LCDinit                              text33       007B8
__end_of_LCDsend                              text35       007FB
__end_of_LCDsend2x4                           text34       005AD
__end_of_LCDstr                               text30       00A9E
__end_of_OSCILLATOR_Initialize                text45       009D8
__end_of_OnS1Pressed                          text7        00B4F
__end_of_OnS2Pressed                          text6        0073C
__end_of_OpenI2C                              text48       00A10
__end_of_PIN_MANAGER_Initialize               text44       00D0E
__end_of_PMD_Initialize                       text43       009C7
__end_of_ReadI2C                              text3        00B15
__end_of_RenderConfig                         text5        00387
__end_of_RenderNormal                         text11       00444
__end_of_SMT1_Initialize                      text42       00A03
__end_of_SYSTEM_Initialize                    text37       00AFB
__end_of_TMR0_DefaultInterruptHandler         text62       00995
__end_of_TMR0_ISR                             text61       00A1F
__end_of_TMR0_Initialize                      text40       00A89
__end_of_TMR0_SetInterruptHandler             text41       009AC
__end_of_TMR1_1sCallback                      text57       00AE2
__end_of_TMR1_DefaultGateInterruptHandler     text60       00996
__end_of_TMR1_DefaultInterruptHandler         text58       00997
__end_of_TMR1_GATE_ISR                        text59       00A2E
__end_of_TMR1_ISR                             text55       00ACA
__end_of_TMR1_Initialize                      text38       00BDC
__end_of_TMR1_SetGateInterruptHandler         text39       009B2
__end_of_TMR1_SetInterruptHandler             text52       009A6
__end_of_TMR1_StartTimer                      text51       0099B
__end_of_TMR1_WriteTimer                      text56       00A3F
__end_of_UI_Init                              text10       00A75
__end_of_UI_OnTick1s                          text4        00DB0
__end_of_WriteI2C                             text36       00CC2
__end_of___awdiv                              text26       00EB9
__end_of___awmod                              text25       00D5F
__end_of___lwdiv                              text17       00C77
__end_of___lwmod                              text16       00C3D
__end_of___wmul                               text19       00B6E
__end_of__initialization                      cinit        00051
__end_of_abs                                  text24       00A63
__end_of_ctoa                                 text27       00F87
__end_of_dtoa                                 text20       004FC
__end_of_fputc                                text28       00E5E
__end_of_fputs                                text23       00BB2
__end_of_i2c1_fsmStateTable                   stringtext1  01020
__end_of_main                                 maintext     006BD
__end_of_pad                                  text21       00E05
__end_of_putch                                text29       00998
__end_of_readTC74                             text2        002A7
__end_of_read_prec_or_width                   text18       00F15
__end_of_snprintf                             text12       00636
__end_of_sprintf                              text1        00B8E
__end_of_strlen                               text22       00AB3
__end_of_utoa                                 text15       01000
__end_of_vfpfcnvrt                            text14       0019E
__end_of_vfprintf                             text13       00C0B
__initialization                              cinit        00036
__pbssBANK2                                   bssBANK2     00120
__pbssBANK3                                   bssBANK3     001A0
__pbssCOMMON                                  bssCOMMON    0007A
__pcstackBANK0                                cstackBANK0  00020
__pcstackBANK1                                cstackBANK1  000A0
__pcstackBANK2                                cstackBANK2  00154
__pcstackCOMMON                               cstackCOMMON 00070
__pdataBANK2                                  dataBANK2    0016E
__pidataBANK2                                 idataBANK2   00002
__pintentry                                   intentry     00004
__pmaintext                                   maintext     00636
__pnvBANK3                                    nvBANK3      001C4
__pstringtext1                                stringtext1  01000
__pstringtext2                                stringtext2  01020
__pstringtext3                                stringtext3  0103B
__pstringtext4                                stringtext4  01055
__pstringtext5                                stringtext5  01064
__pstringtext6                                stringtext6  01070
__pstringtext7                                stringtext7  00000
__ptext1                                      text1        00B6E
__ptext10                                     text10       00A63
__ptext11                                     text11       00387
__ptext12                                     text12       005AD
__ptext13                                     text13       00BDC
__ptext14                                     text14       00055
__ptext15                                     text15       00F87
__ptext16                                     text16       00C0B
__ptext17                                     text17       00C3D
__ptext18                                     text18       00EB9
__ptext19                                     text19       00B4F
__ptext2                                      text2        0019E
__ptext20                                     text20       00444
__ptext21                                     text21       00DB0
__ptext22                                     text22       00A9E
__ptext23                                     text23       00B8E
__ptext24                                     text24       00A51
__ptext25                                     text25       00D0E
__ptext26                                     text26       00E5E
__ptext27                                     text27       00F15
__ptext28                                     text28       00E05
__ptext29                                     text29       00997
__ptext3                                      text3        00AFB
__ptext30                                     text30       00A89
__ptext31                                     text31       009C7
__ptext32                                     text32       009B8
__ptext33                                     text33       0073C
__ptext34                                     text34       004FC
__ptext35                                     text35       007B8
__ptext36                                     text36       00C77
__ptext37                                     text37       00AE2
__ptext38                                     text38       00BB2
__ptext39                                     text39       009AC
__ptext4                                      text4        00D5F
__ptext40                                     text40       00A75
__ptext41                                     text41       009A6
__ptext42                                     text42       009F7
__ptext43                                     text43       009BF
__ptext44                                     text44       00CC2
__ptext45                                     text45       009CF
__ptext46                                     text46       009E2
__ptext47                                     text47       0099B
__ptext48                                     text48       00A03
__ptext49                                     text49       009D8
__ptext5                                      text5        002A7
__ptext50                                     text50       00A3F
__ptext51                                     text51       00998
__ptext52                                     text52       009A0
__ptext53                                     text53       009EC
__ptext55                                     text55       00AB3
__ptext56                                     text56       00A2E
__ptext57                                     text57       00ACA
__ptext58                                     text58       00996
__ptext59                                     text59       00A1F
__ptext6                                      text6        006BD
__ptext60                                     text60       00995
__ptext61                                     text61       00A10
__ptext62                                     text62       00994
__ptext7                                      text7        00B32
__ptext8                                      text8        007FB
__ptext9                                      text9        00B15
_abs                                          text24       00A51
_alarmFlagC                                   bssBANK2     0014E
_alarmFlagL                                   bssBANK2     0014C
_alarmFlagT                                   bssBANK2     0014D
_alarmsEnabled                                bssBANK2     0014F
_ctoa                                         text27       00F15
_dbuf                                         bssBANK3     001A4
_dtoa                                         text20       00444
_dtoa$3045                                    cstackBANK0  00037
_errno                                        bssBANK3     001A2
_field                                        bssCOMMON    0007A
_flags                                        bssBANK2     00149
_fputc                                        text28       00E05
_fputs                                        text23       00B8E
_hh                                           bssBANK2     00152
_i2c1_fsmStateTable                           stringtext1  01000
_main                                         maintext     00636
_mm                                           bssBANK2     00151
_mode                                         bssCOMMON    0007B
_nout                                         bssBANK2     00141
_pad                                          text21       00DB0
_prec                                         bssBANK3     001A0
_putch                                        text29       00997
_rd1RegCompleteHandler                        (abs)        00000
_rd2RegCompleteHandler                        (abs)        00000
_rdBlkRegCompleteHandler                      (abs)        00000
_readTC74                                     text2        0019E
_read_prec_or_width                           text18       00EB9
_s1_prev                                      dataBANK2    0016F
_s2_prev                                      dataBANK2    0016E
_s_seconds                                    bssBANK2     0013D
_s_tick1s                                     bssBANK2     00153
_snprintf                                     text12       005AD
_snprintf$2989                                cstackBANK1  000A0
_sprintf                                      text1        00B6E
_ss                                           bssBANK2     00150
_strlen                                       text22       00A9E
_thrLum                                       bssBANK2     0014A
_thrTemp                                      bssBANK2     0014B
_timer1ReloadVal                              bssBANK2     00145
_utoa                                         text15       00F87
_vfpfcnvrt                                    text14       00055
_vfprintf                                     text13       00BDC
_width                                        bssBANK2     00143
_wr1RegCompleteHandler                        (abs)        00000
_wr2RegCompleteHandler                        (abs)        00000
abs@a                                         cstackCOMMON 00078
btemp                                         (abs)        0007E
btemp0                                        (abs)        0007E
btemp1                                        (abs)        0007F
clear_ram0                                    clrtext      009B2
ctoa@c                                        cstackBANK0  00027
ctoa@fp                                       cstackBANK0  00025
ctoa@l                                        cstackBANK0  00028
ctoa@w                                        cstackBANK0  0002A
dtoa@d                                        cstackBANK0  00034
dtoa@fp                                       cstackBANK0  00032
dtoa@i                                        cstackBANK0  0003D
dtoa@p                                        cstackBANK0  00039
dtoa@s                                        cstackBANK0  0003C
dtoa@w                                        cstackBANK0  0003A
end_of_initialization                         cinit        00051
fputc@c                                       cstackCOMMON 00072
fputc@fp                                      cstackCOMMON 00074
fputs@c                                       cstackBANK0  00028
fputs@fp                                      cstackBANK0  00026
fputs@i                                       cstackBANK0  00029
fputs@s                                       cstackBANK0  00025
int$flags                                     (abs)        0007E
intlevel0                                     functab      00000
intlevel1                                     functab      00000
intlevel2                                     functab      00000
intlevel3                                     functab      00000
intlevel4                                     functab      00000
intlevel5                                     functab      00000
ltemp0a                                       (abs)        00080
main@buf                                      cstackBANK2  00154
main@c                                        cstackBANK2  00169
main@last_update                              cstackBANK2  00165
main@now                                      cstackBANK2  0016A
pad@buf                                       cstackBANK0  0002D
pad@fp                                        cstackBANK0  0002B
pad@i                                         cstackBANK0  00030
pad@p                                         cstackBANK0  0002E
readTC74@value                                cstackCOMMON 00075
read_prec_or_width@ap                         cstackCOMMON 00079
read_prec_or_width@c                          cstackBANK0  00023
read_prec_or_width@fmt                        cstackCOMMON 00078
read_prec_or_width@n                          cstackBANK0  00024
reset_vec                                     reset_vec    00000
snprintf@ap                                   cstackBANK1  000A4
snprintf@cnt                                  cstackBANK1  000A2
snprintf@f                                    cstackBANK1  000A5
snprintf@fmt                                  cstackBANK0  0005A
snprintf@n                                    cstackBANK0  00058
snprintf@s                                    cstackBANK0  00057
sprintf@ap                                    cstackBANK0  0005C
sprintf@f                                     cstackBANK0  0005D
sprintf@fmt                                   cstackBANK0  00058
sprintf@s                                     cstackBANK0  00057
start                                         init         00034
start_initialization                          cinit        00036
strlen@a                                      cstackCOMMON 00074
strlen@s                                      cstackCOMMON 00072
ttemp0a                                       (abs)        0007F
utoa@d                                        cstackBANK0  00034
utoa@fp                                       cstackBANK0  00032
utoa@i                                        cstackBANK0  00039
utoa@p                                        cstackBANK0  00036
utoa@w                                        cstackBANK0  00037
vfpfcnvrt@ap                                  cstackBANK0  00042
vfpfcnvrt@c                                   cstackBANK0  00047
vfpfcnvrt@convarg                             cstackBANK0  00049
vfpfcnvrt@cp                                  cstackBANK0  0004D
vfpfcnvrt@done                                cstackBANK0  00048
vfpfcnvrt@fmt                                 cstackBANK0  00041
vfpfcnvrt@fp                                  cstackBANK0  0003F
vfprintf@ap                                   cstackBANK0  00053
vfprintf@cfmt                                 cstackBANK0  00055
vfprintf@fmt                                  cstackBANK0  00051
vfprintf@fp                                   cstackBANK0  0004F
wtemp0                                        (abs)        0007E
wtemp0a                                       (abs)        0007F


MODULE INFORMATION

Module		Function		Class		Link	Load	Size
ui/ui.c
		_RenderConfig  		CODE           	02A7	0000	224
		_Clock_Tick1s  		CODE           	0B15	0000	29
		_UI_OnTick1s   		CODE           	0D5F	0000	81
		_OnS1Pressed   		CODE           	0B32	0000	29
		_ClearAlarmFlags		CODE           	07FB	0000	5
		_OnS2Pressed   		CODE           	06BD	0000	127
		_UI_Init       		CODE           	0A63	0000	18
		_RenderNormal  		CODE           	0387	0000	189

ui/ui.c estimated size: 702

C:\Program Files\Microchip\xc8\v3.10\pic\sources\c99\common\lwmod.c
		___lwmod       		CODE           	0C0B	0000	50

C:\Program Files\Microchip\xc8\v3.10\pic\sources\c99\common\lwmod.c estimated size: 50

C:\Program Files\Microchip\xc8\v3.10\pic\sources\c99\common\awmod.c
		___awmod       		CODE           	0D0E	0000	81

C:\Program Files\Microchip\xc8\v3.10\pic\sources\c99\common\awmod.c estimated size: 81

C:\Program Files\Microchip\xc8\v3.10\pic\sources\c99\common\putch.c
		_putch         		CODE           	0997	0000	1

C:\Program Files\Microchip\xc8\v3.10\pic\sources\c99\common\putch.c estimated size: 1

mcc_generated_files/i2c1_master.c
		_I2C1_Initialize		CODE           	09E2	0000	10

mcc_generated_files/i2c1_master.c estimated size: 10

mcc_generated_files/interrupt_manager.c
		_INTERRUPT_InterruptManager		CODE           	0004	0000	48

mcc_generated_files/interrupt_manager.c estimated size: 48

C:\Program Files\Microchip\xc8\v3.10\pic\sources\c99\common\abs.c
		_abs           		CODE           	0A51	0000	18

C:\Program Files\Microchip\xc8\v3.10\pic\sources\c99\common\abs.c estimated size: 18

mcc_generated_files/tmr0.c
		_TMR0_SetInterruptHandler		CODE           	09A6	0000	6
		_TMR0_DefaultInterruptHandler		CODE           	0994	0000	1
		_TMR0_ISR      		CODE           	0A10	0000	15
		_TMR0_Initialize		CODE           	0A75	0000	20

mcc_generated_files/tmr0.c estimated size: 42

C:\Program Files\Microchip\xc8\v3.10\pic\sources\c99\common\nf_fputs.c
		_fputs         		CODE           	0B8E	0000	36

C:\Program Files\Microchip\xc8\v3.10\pic\sources\c99\common\nf_fputs.c estimated size: 36

mcc_generated_files/pin_manager.c
		_PIN_MANAGER_Initialize		CODE           	0CC2	0000	76

mcc_generated_files/pin_manager.c estimated size: 76

Clock/clock.c
		_TMR1_1sCallback		CODE           	0ACA	0000	24
		_AppClock_ConsumeTick1s		CODE           	09EC	0000	11
		_AppClock_Init 		CODE           	0A3F	0000	18
		_AppClock_Seconds		CODE           	09D8	0000	10

Clock/clock.c estimated size: 63

I2C/i2c.c
		_ReadI2C       		CODE           	0AFB	0000	26
		_WriteI2C      		CODE           	0C77	0000	75
		_OpenI2C       		CODE           	0A03	0000	13

I2C/i2c.c estimated size: 114

mcc_generated_files/clkref.c
		_CLKREF_Initialize		CODE           	099B	0000	5

mcc_generated_files/clkref.c estimated size: 5

C:\Program Files\Microchip\xc8\v3.10\pic\sources\c99\common\lwdiv.c
		___lwdiv       		CODE           	0C3D	0000	58

C:\Program Files\Microchip\xc8\v3.10\pic\sources\c99\common\lwdiv.c estimated size: 58

LCD/lcd.c
		_LCDinit       		CODE           	073C	0000	124
		_LCDsend       		CODE           	07B8	0000	67
		_LCDsend2x4    		CODE           	04FC	0000	177
		_LCDstr        		CODE           	0A89	0000	21
		_LCDchar       		CODE           	09C7	0000	8
		_LCDcmd        		CODE           	09B8	0000	7

LCD/lcd.c estimated size: 404

C:\Program Files\Microchip\xc8\v3.10\pic\sources\c99\common\awdiv.c
		___awdiv       		CODE           	0E5E	0000	91

C:\Program Files\Microchip\xc8\v3.10\pic\sources\c99\common\awdiv.c estimated size: 91

C:\Program Files\Microchip\xc8\v3.10\pic\sources\c99\common\nf_snprintf.c
		_snprintf      		CODE           	05AD	0000	137

C:\Program Files\Microchip\xc8\v3.10\pic\sources\c99\common\nf_snprintf.c estimated size: 137

C:\Program Files\Microchip\xc8\v3.10\pic\sources\c99\common\nf_sprintf.c
		_sprintf       		CODE           	0B6E	0000	32

C:\Program Files\Microchip\xc8\v3.10\pic\sources\c99\common\nf_sprintf.c estimated size: 32

shared
		__initialization		CODE           	0036	0000	27
		_i2c1_fsmStateTable		STRCODE        	1000	0000	32

shared estimated size: 59

mcc_generated_files/smt1.c
		_SMT1_Initialize		CODE           	09F7	0000	12

mcc_generated_files/smt1.c estimated size: 12

C:\Program Files\Microchip\xc8\v3.10\pic\sources\c99\common\strlen.c
		_strlen        		CODE           	0A9E	0000	21

C:\Program Files\Microchip\xc8\v3.10\pic\sources\c99\common\strlen.c estimated size: 21

mcc_generated_files/mcc.c
		_PMD_Initialize		CODE           	09BF	0000	8
		_OSCILLATOR_Initialize		CODE           	09CF	0000	9
		_SYSTEM_Initialize		CODE           	0AE2	0000	25

mcc_generated_files/mcc.c estimated size: 42

C:\Program Files\Microchip\xc8\v3.10\pic\sources\c99\common\nf_fputc.c
		_fputc         		CODE           	0E05	0000	89

C:\Program Files\Microchip\xc8\v3.10\pic\sources\c99\common\nf_fputc.c estimated size: 89

mcc_generated_files/tmr1.c
		_TMR1_Initialize		CODE           	0BB2	0000	42
		_TMR1_SetInterruptHandler		CODE           	09A0	0000	6
		_TMR1_DefaultInterruptHandler		CODE           	0996	0000	1
		_TMR1_WriteTimer		CODE           	0A2E	0000	17
		_TMR1_StartTimer		CODE           	0998	0000	3
		_TMR1_SetGateInterruptHandler		CODE           	09AC	0000	6
		_TMR1_ISR      		CODE           	0AB3	0000	23
		_TMR1_GATE_ISR 		CODE           	0A1F	0000	15
		_TMR1_DefaultGateInterruptHandler		CODE           	0995	0000	1

mcc_generated_files/tmr1.c estimated size: 114

C:\Program Files\Microchip\xc8\v3.10\pic\sources\c99\common\doprnt.c
		_read_prec_or_width		CODE           	0EB9	0000	92
		_vfpfcnvrt     		CODE           	0055	0000	329
		_pad           		CODE           	0DB0	0000	85
		_ctoa          		CODE           	0F15	0000	114
		_dtoa          		CODE           	0444	0000	184
		_vfprintf      		CODE           	0BDC	0000	47
		_utoa          		CODE           	0F87	0000	121

C:\Program Files\Microchip\xc8\v3.10\pic\sources\c99\common\doprnt.c estimated size: 972

main.c
		_main          		CODE           	0636	0000	135
		_readTC74      		CODE           	019E	0000	265

main.c estimated size: 400

C:\Program Files\Microchip\xc8\v3.10\pic\sources\c99\common\Umul16.c
		___wmul        		CODE           	0B4F	0000	31

C:\Program Files\Microchip\xc8\v3.10\pic\sources\c99\common\Umul16.c estimated size: 31

