Microchip MPLAB XC8 Compiler V3.10

Linker command line:

-W-3 \
  --edf=C:\Program Files\Microchip\xc8\v3.10\pic\dat\20250813170317_en.msgs \
  -cn -h+dist/default/debug\Projeto1.x.debug.sym \
  --cmf=dist/default/debug\Projeto1.x.debug.cmf -z -Q16F18875 \
  -oC:\Users\ASUS\AppData\Local\Temp\xcAsd00.0\driver_tmp_3.o \
  --defsym=__MPLAB_BUILD=1 --fixupoverflow=error \
  -Mdist/default/debug/Projeto1.x.debug.map \
  --md=C:\Users\ASUS\AppData\Local\Temp\xcAsd00.0\driver_tmp_0.dat -E1 \
  -ver=XC8 Compiler -ACODE=00h-07FFhx4 -ASTRCODE=00h-01FFFh \
  -ASTRING=00h-0FFhx32 -ACONST=00h-0FFhx32 -AENTRY=00h-0FFhx32 \
  -ACOMMON=070h-07Fh -ABANK0=020h-06Fh -ABANK1=0A0h-0EFh \
  -ABANK2=0120h-016Fh -ABANK3=01A0h-01EFh -ABANK4=0220h-026Fh \
  -ABANK5=02A0h-02EFh -ABANK6=0320h-036Fh -ABANK7=03A0h-03EFh \
  -ABANK8=0420h-046Fh -ABANK9=04A0h-04EFh -ABANK10=0520h-056Fh \
  -ABANK11=05A0h-05EFh -ABANK12=0620h-064Fh -ABIGRAM=02000h-023EFh \
  -ARAM=020h-06Fh,0A0h-0EFh,0120h-016Fh,01A0h-01EFh,0220h-026Fh,02A0h-02EFh,0320h-036Fh,03A0h-03EFh,0420h-046Fh,04A0h-04EFh,0520h-056Fh,05A0h-05EFh,0620h-064Fh \
  -AABS1=020h-07Fh,0A0h-0EFh,0120h-016Fh,01A0h-01EFh,0220h-026Fh,02A0h-02EFh,0320h-036Fh,03A0h-03EFh,0420h-046Fh,04A0h-04EFh,0520h-056Fh,05A0h-05EFh,0620h-064Fh \
  -ASFR0=00h-01Fh -ASFR1=080h-09Fh -ASFR2=0100h-011Fh -ASFR3=0180h-019Fh \
  -ASFR4=0200h-021Fh -ASFR5=0280h-029Fh -ASFR6=0300h-031Fh \
  -ASFR7=0380h-039Fh -ASFR8=0400h-041Fh -ASFR9=0480h-049Fh \
  -ASFR10=0500h-051Fh -ASFR11=0580h-059Fh -ASFR12=0600h-061Fh \
  -ASFR13=0680h-06EFh -ASFR14=0700h-076Fh -ASFR15=0780h-07EFh \
  -ASFR16=0800h-086Fh -ASFR17=0880h-08EFh -ASFR18=0900h-096Fh \
  -ASFR19=0980h-09EFh -ASFR20=0A00h-0A6Fh -ASFR21=0A80h-0AEFh \
  -ASFR22=0B00h-0B6Fh -ASFR23=0B80h-0BEFh -ASFR24=0C00h-0C6Fh \
  -ASFR25=0C80h-0CEFh -ASFR26=0D00h-0D6Fh -ASFR27=0D80h-0DEFh \
  -ASFR28=0E00h-0E6Fh -ASFR29=0E80h-0EEFh -ASFR30=0F00h-0F6Fh \
  -ASFR31=0F80h-0FEFh -ACONFIG=08007h-0800Bh -DCONFIG=2 \
  -AIDLOC=08000h-08003h -DIDLOC=2 -AEEDATA=00h-0FFh/0F000h \
  -peeprom_data=EEDATA -DEEDATA=2 -DCODE=2 -DSTRCODE=2 -DSTRING=2 -DCONST=2 \
  -DENTRY=2 -preset_vec=00h,intentry=04h,sivt,init,end_init -ppowerup=CODE \
  -pcinit=CODE -pfunctab=ENTRY -k \
  C:\Users\ASUS\AppData\Local\Temp\xcAsd00.0\driver_tmp_20.o \
  dist/default/debug\Projeto1.x.debug.o 

Object code version is 3.11

Machine type is 16F18875



                Name                               Link     Load   Length Selector   Space Scale
C:\Users\ASUS\AppData\Local\Temp\xcAsd00.0\driver_tmp_20.o
                end_init                             1C       1C        2        8       0
                reset_vec                             0        0        3        0       0
                config                             8007     8007        5        0       4
                idloc                              8000     8000        4        0       5
dist/default/debug\Projeto1.x.debug.o
                cinit                                1E       1E       18        8       0
                intentry                              4        4       18        8       0
                config                             8007     8007        5        0       4
                idloc                              8000     8000        4        0       5
                text34                              EE9      EE9        4     1DD2       0
                text33                              F40      F40       11     1E80       0
                text32                              F77      F77       16     1EEE       0
                text30                              F8D      F8D       1A     1F1A       0
                text29                              639      639       4B        8       0
                text28                               36       36      144        8       0
                text27                              F51      F51       13     1EA2       0
                text26                              375      375       B1        8       0
                text25                              EF9      EF9        7     1DF2       0
                text24                              759      759       43        8       0
                text23                              4AF      4AF       7C        8       0
                text22                              F00      F00        8     1E00       0
                text21                              F64      F64       13     1EC8       0
                text20                              F23      F23        D     1E46       0
                text19                              F19      F19        A     1E32       0
                text18                              F10      F10        9     1E20       0
                text17                              713      713       46        8       0
                text16                              F08      F08        8     1E10       0
                text15                              EED      EED        6     1DDA       0
                text14                              FA7      FA7       1C     1F4E       0
                text13                              F30      F30       10     1E60       0
                text12                              FE1      FE1       1F     1FC2       0
                text11                              52B      52B       5C        8       0
                text10                              5E0      5E0       59        8       0
                text9                               684      684       49        8       0
                text8                                 3        3        1        0       0
                text7                               587      587       59        8       0
                text6                               7C0      7C0       24        8       0
                text5                               6CD      6CD       46        8       0
                text4                               426      426       89        8       0
                text3                               17A      17A      106        8       0
                text2                               FC3      FC3       1E     1F86       0
                text1                               79C      79C       24        8       0
                maintext                            280      280       F5        8       0
                cstackBANK0                          20       20       45       20       1
                cstackCOMMON                         70       70        A       70       1
                cstackBANK1                          C4       C4        C       A0       1
                cstackBANK2                         120      120       21      120       1
                clrtext                             EF3      EF3        6     1DE6       0
                bssBANK2                            141      141       20      120       1
                bssBANK1                             A0       A0       24       A0       1
                bssBANK0                             65       65        1       20       1
                bssCOMMON                            7A       7A        2       70       1
                stringtext2                        1000     1000       17     2000       0
                nvBANK1                              D0       D0        2       A0       1
                stringtext1                         7E4      7E4       20      FC8       0

TOTAL           Name                               Link     Load   Length     Space
        CLASS   CODE           
                end_init                             1C       1C        2         0
                cinit                                1E       1E       18         0
                intentry                              4        4       18         0
                reset_vec                             0        0        3         0
                text34                              EE9      EE9        4         0
                text33                              F40      F40       11         0
                text32                              F77      F77       16         0
                text30                              F8D      F8D       1A         0
                text29                              639      639       4B         0
                text28                               36       36      144         0
                text27                              F51      F51       13         0
                text26                              375      375       B1         0
                text25                              EF9      EF9        7         0
                text24                              759      759       43         0
                text23                              4AF      4AF       7C         0
                text22                              F00      F00        8         0
                text21                              F64      F64       13         0
                text20                              F23      F23        D         0
                text19                              F19      F19        A         0
                text18                              F10      F10        9         0
                text17                              713      713       46         0
                text16                              F08      F08        8         0
                text15                              EED      EED        6         0
                text14                              FA7      FA7       1C         0
                text13                              F30      F30       10         0
                text12                              FE1      FE1       1F         0
                text11                              52B      52B       5C         0
                text10                              5E0      5E0       59         0
                text9                               684      684       49         0
                text8                                 3        3        1         0
                text7                               587      587       59         0
                text6                               7C0      7C0       24         0
                text5                               6CD      6CD       46         0
                text4                               426      426       89         0
                text3                               17A      17A      106         0
                text2                               FC3      FC3       1E         0
                text1                               79C      79C       24         0
                maintext                            280      280       F5         0
                clrtext                             EF3      EF3        6         0

        CLASS   STRCODE        
                stringtext2                        1000     1000       17         0
                stringtext1                         7E4      7E4       20         0

        CLASS   STRING         

        CLASS   CONST          

        CLASS   ENTRY          

        CLASS   COMMON         
                cstackCOMMON                         70       70        A         1
                bssCOMMON                            7A       7A        2         1

        CLASS   BANK0          
                cstackBANK0                          20       20       45         1
                bssBANK0                             65       65        1         1

        CLASS   BANK1          
                cstackBANK1                          C4       C4        C         1
                bssBANK1                             A0       A0       24         1
                nvBANK1                              D0       D0        2         1

        CLASS   BANK2          
                cstackBANK2                         120      120       21         1
                bssBANK2                            141      141       20         1

        CLASS   BANK3          

        CLASS   BANK4          

        CLASS   BANK5          

        CLASS   BANK6          

        CLASS   BANK7          

        CLASS   BANK8          

        CLASS   BANK9          

        CLASS   BANK10         

        CLASS   BANK11         

        CLASS   BANK12         

        CLASS   BIGRAM         

        CLASS   RAM            

        CLASS   ABS1           
                abs_s1                               7E       7E        2         1

        CLASS   SFR0           

        CLASS   SFR1           

        CLASS   SFR2           

        CLASS   SFR3           

        CLASS   SFR4           

        CLASS   SFR5           

        CLASS   SFR6           

        CLASS   SFR7           

        CLASS   SFR8           

        CLASS   SFR9           

        CLASS   SFR10          

        CLASS   SFR11          

        CLASS   SFR12          

        CLASS   SFR13          

        CLASS   SFR14          

        CLASS   SFR15          

        CLASS   SFR16          

        CLASS   SFR17          

        CLASS   SFR18          

        CLASS   SFR19          

        CLASS   SFR20          

        CLASS   SFR21          

        CLASS   SFR22          

        CLASS   SFR23          

        CLASS   SFR24          

        CLASS   SFR25          

        CLASS   SFR26          

        CLASS   SFR27          

        CLASS   SFR28          

        CLASS   SFR29          

        CLASS   SFR30          

        CLASS   SFR31          

        CLASS   CONFIG         
                config                             8007     8007        5         4

        CLASS   IDLOC          
                idloc                              8000     8000        4         5

        CLASS   EEDATA         

        CLASS   BANK31         

        CLASS   BANK30         

        CLASS   BANK29         

        CLASS   BANK28         

        CLASS   BANK27         

        CLASS   BANK26         

        CLASS   BANK25         

        CLASS   BANK24         

        CLASS   BANK23         

        CLASS   BANK22         

        CLASS   BANK21         

        CLASS   BANK20         

        CLASS   BANK19         

        CLASS   BANK18         

        CLASS   BANK17         

        CLASS   BANK16         

        CLASS   BANK15         

        CLASS   BANK14         

        CLASS   BANK13         

        CLASS   HEAP           

        CLASS   STACK          



SEGMENTS        Name                           Load    Length   Top    Selector   Space  Class     Delta

                reset_vec                      000000  000004  000004         0       0  CODE        2
                intentry                       000004  0007E0  0007E4         8       0  CODE        2
                cstackBANK0                    000020  000046  000066        20       1  BANK0       1
                cstackCOMMON                   000070  00000C  00007C        70       1  COMMON      1
                bssBANK1                       0000A0  000032  0000D2        A0       1  BANK1       1
                cstackBANK2                    000120  000041  000161       120       1  BANK2       1
                stringtext1                    0007E4  000020  000804       FC8       0  STRCODE     2
                text34                         000EE9  000004  000EED      1DD2       0  CODE        2
                text15                         000EED  000006  000EF3      1DDA       0  CODE        2
                clrtext                        000EF3  000006  000EF9      1DE6       0  CODE        2
                text25                         000EF9  000007  000F00      1DF2       0  CODE        2
                text22                         000F00  000008  000F08      1E00       0  CODE        2
                text16                         000F08  000008  000F10      1E10       0  CODE        2
                text18                         000F10  000009  000F19      1E20       0  CODE        2
                text19                         000F19  00000A  000F23      1E32       0  CODE        2
                text20                         000F23  00000D  000F30      1E46       0  CODE        2
                text13                         000F30  000010  000F40      1E60       0  CODE        2
                text33                         000F40  000011  000F51      1E80       0  CODE        2
                text27                         000F51  000013  000F64      1EA2       0  CODE        2
                text21                         000F64  000013  000F77      1EC8       0  CODE        2
                text32                         000F77  000016  000F8D      1EEE       0  CODE        2
                text30                         000F8D  00001A  000FA7      1F1A       0  CODE        2
                text14                         000FA7  00001C  000FC3      1F4E       0  CODE        2
                text2                          000FC3  00001E  000FE1      1F86       0  CODE        2
                text12                         000FE1  00001F  001000      1FC2       0  CODE        2
                stringtext2                    001000  000017  001017      2000       0  STRCODE     2


UNUSED ADDRESS RANGES

        Name                Unused          Largest block    Delta
        BANK0            00066-0006F               A           1
        BANK1            000D2-000EF              1E           1
        BANK10           00520-0056F              50           1
        BANK11           005A0-005EF              50           1
        BANK12           00620-0064F              30           1
        BANK2            00161-0016F               F           1
        BANK3            001A0-001EF              50           1
        BANK4            00220-0026F              50           1
        BANK5            002A0-002EF              50           1
        BANK6            00320-0036F              50           1
        BANK7            003A0-003EF              50           1
        BANK8            00420-0046F              50           1
        BANK9            004A0-004EF              50           1
        BIGRAM           02000-023EF             3F0           1
        CODE             00804-00EE8             6E5           2
                         01017-01FFF             7E9
        COMMON           0007C-0007D               2           1
        CONST            00804-00EE8             100           2
                         01017-01FFF             100
        EEDATA           0F000-0F0FF             100           2
        ENTRY            00804-00EE8             100           2
                         01017-01FFF             100
        RAM              00066-0006F               A           1
                         000D2-000EF              1E
                         00161-0016F               F
                         001A0-001EF              50
                         00220-0026F              50
                         002A0-002EF              50
                         00320-0036F              50
                         003A0-003EF              50
                         00420-0046F              50
                         004A0-004EF              50
                         00520-0056F              50
                         005A0-005EF              50
                         00620-0064F              30
        SFR0             00000-0001F              20           1
        SFR1             00080-0009F              20           1
        SFR10            00500-0051F              20           1
        SFR11            00580-0059F              20           1
        SFR12            00600-0061F              20           1
        SFR13            00680-006EF              70           1
        SFR14            00700-0076F              70           1
        SFR15            00780-007EF              70           1
        SFR16            00800-0086F              70           1
        SFR17            00880-008EF              70           1
        SFR18            00900-0096F              70           1
        SFR19            00980-009EF              70           1
        SFR2             00100-0011F              20           1
        SFR20            00A00-00A6F              70           1
        SFR21            00A80-00AEF              70           1
        SFR22            00B00-00B6F              70           1
        SFR23            00B80-00BEF              70           1
        SFR24            00C00-00C6F              70           1
        SFR25            00C80-00CEF              70           1
        SFR26            00D00-00D6F              70           1
        SFR27            00D80-00DEF              70           1
        SFR28            00E00-00E6F              70           1
        SFR29            00E80-00EEF              70           1
        SFR3             00180-0019F              20           1
        SFR30            00F00-00F6F              70           1
        SFR31            00F80-00FEF              70           1
        SFR4             00200-0021F              20           1
        SFR5             00280-0029F              20           1
        SFR6             00300-0031F              20           1
        SFR7             00380-0039F              20           1
        SFR8             00400-0041F              20           1
        SFR9             00480-0049F              20           1
        STRCODE          00804-00EE8             6E5           2
                         01017-01FFF             FE9
        STRING           00804-00EE8             100           2
                         01017-01FFF             100

                                  Symbol Table

?_LCDbusy                                 cstackBANK0  00020
?___lldiv                                 cstackCOMMON 00072
?___llmod                                 cstackBANK0  00025
?___wmul                                  cstackCOMMON 00072
?_read_prec_or_width                      cstackCOMMON 00078
?_sprintf                                 cstackBANK0  00056
?_vfprintf                                cstackBANK0  0004E
LCDchar@c                                 cstackCOMMON 00079
LCDcmd@c                                  cstackCOMMON 00079
LCDrecv@hc                                cstackCOMMON 00076
LCDrecv@lc                                cstackCOMMON 00077
LCDrecv@mode                              cstackCOMMON 00078
LCDsend2x4@c                              cstackCOMMON 00076
LCDsend2x4@hc                             cstackCOMMON 00077
LCDsend2x4@lc                             cstackCOMMON 00078
LCDsend2x4@mode                           cstackCOMMON 00074
LCDsend@c                                 cstackCOMMON 00075
LCDstr@c                                  cstackBANK0  00021
LCDstr@p                                  cstackBANK0  00020
TMR1_SetInterruptHandler@InterruptHandler cstackCOMMON 00072
TMR1_WriteTimer@timerVal                  cstackCOMMON 00070
WriteI2C@data_out                         cstackCOMMON 00073
_ANSELA                                   (abs)        00F38
_ANSELB                                   (abs)        00F43
_ANSELC                                   (abs)        00F4E
_ANSELD                                   (abs)        00F59
_ANSELE                                   (abs)        00F64
_I2C1_CallbackReturnReset                 (abs)        00000
_I2C1_CallbackReturnStop                  (abs)        00000
_I2C1_DO_ADDRESS_NACK                     (abs)        00000
_I2C1_DO_IDLE                             (abs)        00000
_I2C1_DO_RCEN                             (abs)        00000
_I2C1_DO_RESET                            (abs)        00000
_I2C1_DO_RX                               (abs)        00000
_I2C1_DO_RX_ACK                           (abs)        00000
_I2C1_DO_RX_NACK_RESTART                  (abs)        00000
_I2C1_DO_RX_NACK_STOP                     (abs)        00000
_I2C1_DO_SEND_ADR_READ                    (abs)        00000
_I2C1_DO_SEND_ADR_WRITE                   (abs)        00000
_I2C1_DO_SEND_RESTART                     (abs)        00000
_I2C1_DO_SEND_RESTART_READ                (abs)        00000
_I2C1_DO_SEND_RESTART_WRITE               (abs)        00000
_I2C1_DO_SEND_STOP                        (abs)        00000
_I2C1_DO_TX                               (abs)        00000
_I2C1_DO_TX_EMPTY                         (abs)        00000
_I2C1_Initialize                          text19       00F19
_I2C1_MasterIsr                           (abs)        00000
_I2C1_Status                              bssBANK1     000A0
_INLVLA                                   (abs)        00F3C
_INLVLB                                   (abs)        00F47
_INLVLC                                   (abs)        00F52
_INLVLD                                   (abs)        00F5D
_INLVLE                                   (abs)        00F68
_INTCONbits                               (abs)        0000B
_INTERRUPT_InterruptManager               intentry     00004
_LATA                                     (abs)        00016
_LATB                                     (abs)        00017
_LATC                                     (abs)        00018
_LATD                                     (abs)        00019
_LATE                                     (abs)        0001A
_LCDbusy                                  text27       00F51
_LCDchar                                  text22       00F00
_LCDcmd                                   text25       00EF9
_LCDinit                                  text23       004AF
_LCDrecv                                  text28       00036
_LCDsend                                  text24       00759
_LCDsend2x4                               text26       00375
_LCDstr                                   text21       00F64
_MSSP1_InterruptHandler                   bssBANK1     000C1
_ODCONA                                   (abs)        00F3A
_ODCONB                                   (abs)        00F45
_ODCONC                                   (abs)        00F50
_ODCOND                                   (abs)        00F5B
_ODCONE                                   (abs)        00F66
_OSCCON1                                  (abs)        0088D
_OSCCON3                                  (abs)        0088F
_OSCEN                                    (abs)        00891
_OSCFRQ                                   (abs)        00893
_OSCILLATOR_Initialize                    text18       00F10
_OSCTUNE                                  (abs)        00892
_OpenI2C                                  text20       00F23
_PIE3bits                                 (abs)        00719
_PIE4bits                                 (abs)        0071A
_PIN_MANAGER_Initialize                   text17       00713
_PIR3bits                                 (abs)        0070F
_PIR4bits                                 (abs)        00710
_PMD0                                     (abs)        00796
_PMD1                                     (abs)        00797
_PMD2                                     (abs)        00798
_PMD3                                     (abs)        00799
_PMD4                                     (abs)        0079A
_PMD5                                     (abs)        0079B
_PMD_Initialize                           text16       00F08
_RC3PPS                                   (abs)        00F23
_RC4PPS                                   (abs)        00F24
_ReadI2C                                  text30       00F8D
_SLRCONA                                  (abs)        00F3B
_SLRCONB                                  (abs)        00F46
_SLRCONC                                  (abs)        00F51
_SLRCOND                                  (abs)        00F5C
_SLRCONE                                  (abs)        00F67
_SSP1ADD                                  (abs)        0018D
_SSP1BUF                                  (abs)        0018C
_SSP1CLKPPS                               (abs)        00EC5
_SSP1CON1                                 (abs)        00190
_SSP1CON1bits                             (abs)        00190
_SSP1CON2                                 (abs)        00191
_SSP1CON2bits                             (abs)        00191
_SSP1DATPPS                               (abs)        00EC6
_SSP1STAT                                 (abs)        0018F
_SSP1STATbits                             (abs)        0018F
_SYSTEM_Initialize                        text13       00F30
_T1CLK                                    (abs)        00211
_T1CON                                    (abs)        0020E
_T1CONbits                                (abs)        0020E
_T1GATE                                   (abs)        00210
_T1GCON                                   (abs)        0020F
_T1GCONbits                               (abs)        0020F
_TMR1H                                    (abs)        0020D
_TMR1L                                    (abs)        0020C
_TMR1_DefaultInterruptHandler             text34       00EE9
_TMR1_ISR                                 text32       00F77
_TMR1_Initialize                          text14       00FA7
_TMR1_InterruptHandler                    nvBANK1      000D0
_TMR1_SetInterruptHandler                 text15       00EED
_TMR1_WriteTimer                          text33       00F40
_TRISA                                    (abs)        00011
_TRISB                                    (abs)        00012
_TRISC                                    (abs)        00013
_TRISCbits                                (abs)        00013
_TRISD                                    (abs)        00014
_TRISE                                    (abs)        00015
_WPUA                                     (abs)        00F39
_WPUB                                     (abs)        00F44
_WPUC                                     (abs)        00F4F
_WPUD                                     (abs)        00F5A
_WPUE                                     (abs)        00F65
_WriteI2C                                 text29       00639
__H__absolute__                           __absolute__ 00000
__Habs1                                   abs1         00000
__Hbank0                                  bank0        00000
__Hbank1                                  bank1        00000
__Hbank10                                 bank10       00000
__Hbank11                                 bank11       00000
__Hbank12                                 bank12       00000
__Hbank13                                 bank13       00000
__Hbank14                                 bank14       00000
__Hbank15                                 bank15       00000
__Hbank16                                 bank16       00000
__Hbank17                                 bank17       00000
__Hbank18                                 bank18       00000
__Hbank19                                 bank19       00000
__Hbank2                                  bank2        00000
__Hbank20                                 bank20       00000
__Hbank21                                 bank21       00000
__Hbank22                                 bank22       00000
__Hbank23                                 bank23       00000
__Hbank24                                 bank24       00000
__Hbank25                                 bank25       00000
__Hbank26                                 bank26       00000
__Hbank27                                 bank27       00000
__Hbank28                                 bank28       00000
__Hbank29                                 bank29       00000
__Hbank3                                  bank3        00000
__Hbank30                                 bank30       00000
__Hbank31                                 bank31       00000
__Hbank4                                  bank4        00000
__Hbank5                                  bank5        00000
__Hbank6                                  bank6        00000
__Hbank7                                  bank7        00000
__Hbank8                                  bank8        00000
__Hbank9                                  bank9        00000
__Hbigram                                 bigram       00000
__HbssBANK0                               bssBANK0     00000
__HbssBANK1                               bssBANK1     00000
__HbssBANK2                               bssBANK2     00000
__HbssCOMMON                              bssCOMMON    00000
__Hcinit                                  cinit        00036
__Hclrtext                                clrtext      00000
__Hcode                                   code         00000
__Hcommon                                 common       00000
__Hconfig                                 config       0800C
__HcstackBANK0                            cstackBANK0  00000
__HcstackBANK1                            cstackBANK1  00000
__HcstackBANK2                            cstackBANK2  00000
__HcstackCOMMON                           cstackCOMMON 00000
__Heeprom_data                            eeprom_data  00000
__Hend_init                               end_init     0001E
__Hfunctab                                functab      00000
__Hheap                                   heap         00000
__Hidloc                                  idloc        08004
__Hinit                                   init         0001C
__Hintentry                               intentry     0001C
__Hmaintext                               maintext     00000
__HnvBANK1                                nvBANK1      00000
__Hpowerup                                powerup      00000
__Hram                                    ram          00000
__Hreset_vec                              reset_vec    00003
__Hsfr0                                   sfr0         00000
__Hsfr1                                   sfr1         00000
__Hsfr10                                  sfr10        00000
__Hsfr11                                  sfr11        00000
__Hsfr12                                  sfr12        00000
__Hsfr13                                  sfr13        00000
__Hsfr14                                  sfr14        00000
__Hsfr15                                  sfr15        00000
__Hsfr16                                  sfr16        00000
__Hsfr17                                  sfr17        00000
__Hsfr18                                  sfr18        00000
__Hsfr19                                  sfr19        00000
__Hsfr2                                   sfr2         00000
__Hsfr20                                  sfr20        00000
__Hsfr21                                  sfr21        00000
__Hsfr22                                  sfr22        00000
__Hsfr23                                  sfr23        00000
__Hsfr24                                  sfr24        00000
__Hsfr25                                  sfr25        00000
__Hsfr26                                  sfr26        00000
__Hsfr27                                  sfr27        00000
__Hsfr28                                  sfr28        00000
__Hsfr29                                  sfr29        00000
__Hsfr3                                   sfr3         00000
__Hsfr30                                  sfr30        00000
__Hsfr31                                  sfr31        00000
__Hsfr4                                   sfr4         00000
__Hsfr5                                   sfr5         00000
__Hsfr6                                   sfr6         00000
__Hsfr7                                   sfr7         00000
__Hsfr8                                   sfr8         00000
__Hsfr9                                   sfr9         00000
__Hsivt                                   sivt         0001C
__Hspace_0                                (abs)        01017
__Hspace_1                                (abs)        00161
__Hspace_2                                (abs)        00000
__Hspace_3                                (abs)        00000
__Hspace_4                                (abs)        10013
__Hstack                                  stack        00000
__Hstrings                                strings      00000
__Hstringtext1                            stringtext1  00000
__Hstringtext2                            stringtext2  00000
__Hstringtext3                            stringtext3  00000
__Htext                                   text         00000
__L__absolute__                           __absolute__ 00000
__Labs1                                   abs1         00000
__Lbank0                                  bank0        00000
__Lbank1                                  bank1        00000
__Lbank10                                 bank10       00000
__Lbank11                                 bank11       00000
__Lbank12                                 bank12       00000
__Lbank13                                 bank13       00000
__Lbank14                                 bank14       00000
__Lbank15                                 bank15       00000
__Lbank16                                 bank16       00000
__Lbank17                                 bank17       00000
__Lbank18                                 bank18       00000
__Lbank19                                 bank19       00000
__Lbank2                                  bank2        00000
__Lbank20                                 bank20       00000
__Lbank21                                 bank21       00000
__Lbank22                                 bank22       00000
__Lbank23                                 bank23       00000
__Lbank24                                 bank24       00000
__Lbank25                                 bank25       00000
__Lbank26                                 bank26       00000
__Lbank27                                 bank27       00000
__Lbank28                                 bank28       00000
__Lbank29                                 bank29       00000
__Lbank3                                  bank3        00000
__Lbank30                                 bank30       00000
__Lbank31                                 bank31       00000
__Lbank4                                  bank4        00000
__Lbank5                                  bank5        00000
__Lbank6                                  bank6        00000
__Lbank7                                  bank7        00000
__Lbank8                                  bank8        00000
__Lbank9                                  bank9        00000
__Lbigram                                 bigram       00000
__LbssBANK0                               bssBANK0     00000
__LbssBANK1                               bssBANK1     00000
__LbssBANK2                               bssBANK2     00000
__LbssCOMMON                              bssCOMMON    00000
__Lcinit                                  cinit        0001E
__Lclrtext                                clrtext      00000
__Lcode                                   code         00000
__Lcommon                                 common       00000
__Lconfig                                 config       00000
__LcstackBANK0                            cstackBANK0  00000
__LcstackBANK1                            cstackBANK1  00000
__LcstackBANK2                            cstackBANK2  00000
__LcstackCOMMON                           cstackCOMMON 00000
__Leeprom_data                            eeprom_data  00000
__Lend_init                               end_init     0001C
__Lfunctab                                functab      00000
__Lheap                                   heap         00000
__Lidloc                                  idloc        00000
__Linit                                   init         0001C
__Lintentry                               intentry     00004
__Lmaintext                               maintext     00000
__LnvBANK1                                nvBANK1      00000
__Lpowerup                                powerup      00000
__Lram                                    ram          00000
__Lreset_vec                              reset_vec    00000
__Lsfr0                                   sfr0         00000
__Lsfr1                                   sfr1         00000
__Lsfr10                                  sfr10        00000
__Lsfr11                                  sfr11        00000
__Lsfr12                                  sfr12        00000
__Lsfr13                                  sfr13        00000
__Lsfr14                                  sfr14        00000
__Lsfr15                                  sfr15        00000
__Lsfr16                                  sfr16        00000
__Lsfr17                                  sfr17        00000
__Lsfr18                                  sfr18        00000
__Lsfr19                                  sfr19        00000
__Lsfr2                                   sfr2         00000
__Lsfr20                                  sfr20        00000
__Lsfr21                                  sfr21        00000
__Lsfr22                                  sfr22        00000
__Lsfr23                                  sfr23        00000
__Lsfr24                                  sfr24        00000
__Lsfr25                                  sfr25        00000
__Lsfr26                                  sfr26        00000
__Lsfr27                                  sfr27        00000
__Lsfr28                                  sfr28        00000
__Lsfr29                                  sfr29        00000
__Lsfr3                                   sfr3         00000
__Lsfr30                                  sfr30        00000
__Lsfr31                                  sfr31        00000
__Lsfr4                                   sfr4         00000
__Lsfr5                                   sfr5         00000
__Lsfr6                                   sfr6         00000
__Lsfr7                                   sfr7         00000
__Lsfr8                                   sfr8         00000
__Lsfr9                                   sfr9         00000
__Lsivt                                   sivt         0001C
__Lspace_0                                (abs)        00000
__Lspace_1                                (abs)        00000
__Lspace_2                                (abs)        00000
__Lspace_3                                (abs)        00000
__Lspace_4                                (abs)        00000
__Lstack                                  stack        00000
__Lstrings                                strings      00000
__Lstringtext1                            stringtext1  00000
__Lstringtext2                            stringtext2  00000
__Lstringtext3                            stringtext3  00000
__Ltext                                   text         00000
__S0                                      (abs)        01017
__S1                                      (abs)        00161
__S3                                      (abs)        00000
___heap_hi                                (abs)        00000
___heap_lo                                (abs)        00000
___int_sp                                 stack        00000
___int_stack_hi                           stack        00000
___int_stack_lo                           stack        00000
___latbits                                (abs)        00002
___lldiv                                  text10       005E0
___lldiv@counter                          cstackBANK0  00024
___lldiv@dividend                         cstackCOMMON 00076
___lldiv@divisor                          cstackCOMMON 00072
___lldiv@quotient                         cstackBANK0  00020
___llmod                                  text9        00684
___llmod@counter                          cstackBANK0  0002D
___llmod@dividend                         cstackBANK0  00029
___llmod@divisor                          cstackBANK0  00025
___sp                                     stack        00000
___stack_hi                               stack        00000
___stack_lo                               stack        00000
___stackhi                                (abs)        00000
___stacklo                                (abs)        00000
___wmul                                   text12       00FE1
___wmul@multiplicand                      cstackCOMMON 00074
___wmul@multiplier                        cstackCOMMON 00072
___wmul@product                           cstackCOMMON 00076
__end_of_I2C1_Initialize                  text19       00F23
__end_of_INTERRUPT_InterruptManager       intentry     0001C
__end_of_LCDbusy                          text27       00F64
__end_of_LCDchar                          text22       00F08
__end_of_LCDcmd                           text25       00F00
__end_of_LCDinit                          text23       0052B
__end_of_LCDrecv                          text28       0017A
__end_of_LCDsend                          text24       0079C
__end_of_LCDsend2x4                       text26       00426
__end_of_LCDstr                           text21       00F77
__end_of_OSCILLATOR_Initialize            text18       00F19
__end_of_OpenI2C                          text20       00F30
__end_of_PIN_MANAGER_Initialize           text17       00759
__end_of_PMD_Initialize                   text16       00F10
__end_of_ReadI2C                          text30       00FA7
__end_of_SYSTEM_Initialize                text13       00F40
__end_of_TMR1_DefaultInterruptHandler     text34       00EED
__end_of_TMR1_ISR                         text32       00F8D
__end_of_TMR1_Initialize                  text14       00FC3
__end_of_TMR1_SetInterruptHandler         text15       00EF3
__end_of_TMR1_WriteTimer                  text33       00F51
__end_of_WriteI2C                         text29       00684
__end_of___lldiv                          text10       00639
__end_of___llmod                          text9        006CD
__end_of___wmul                           text12       01000
__end_of__initialization                  cinit        00032
__end_of_fputc                            text7        005E0
__end_of_fputs                            text6        007E4
__end_of_i2c1_fsmStateTable               stringtext1  00804
__end_of_main                             maintext     00375
__end_of_pad                              text5        00713
__end_of_putch                            text8        00004
__end_of_read_prec_or_width               text11       00587
__end_of_sprintf                          text1        007C0
__end_of_utoa                             text4        004AF
__end_of_vfpfcnvrt                        text3        00280
__end_of_vfprintf                         text2        00FE1
__initialization                          cinit        0001E
__pbssBANK0                               bssBANK0     00065
__pbssBANK1                               bssBANK1     000A0
__pbssBANK2                               bssBANK2     00141
__pbssCOMMON                              bssCOMMON    0007A
__pcstackBANK0                            cstackBANK0  00020
__pcstackBANK1                            cstackBANK1  000C4
__pcstackBANK2                            cstackBANK2  00120
__pcstackCOMMON                           cstackCOMMON 00070
__pintentry                               intentry     00004
__pmaintext                               maintext     00280
__pnvBANK1                                nvBANK1      000D0
__pstringtext1                            stringtext1  007E4
__pstringtext2                            stringtext2  01000
__pstringtext3                            stringtext3  00000
__ptext1                                  text1        0079C
__ptext10                                 text10       005E0
__ptext11                                 text11       0052B
__ptext12                                 text12       00FE1
__ptext13                                 text13       00F30
__ptext14                                 text14       00FA7
__ptext15                                 text15       00EED
__ptext16                                 text16       00F08
__ptext17                                 text17       00713
__ptext18                                 text18       00F10
__ptext19                                 text19       00F19
__ptext2                                  text2        00FC3
__ptext20                                 text20       00F23
__ptext21                                 text21       00F64
__ptext22                                 text22       00F00
__ptext23                                 text23       004AF
__ptext24                                 text24       00759
__ptext25                                 text25       00EF9
__ptext26                                 text26       00375
__ptext27                                 text27       00F51
__ptext28                                 text28       00036
__ptext29                                 text29       00639
__ptext3                                  text3        0017A
__ptext30                                 text30       00F8D
__ptext32                                 text32       00F77
__ptext33                                 text33       00F40
__ptext34                                 text34       00EE9
__ptext4                                  text4        00426
__ptext5                                  text5        006CD
__ptext6                                  text6        007C0
__ptext7                                  text7        00587
__ptext8                                  text8        00003
__ptext9                                  text9        00684
_dbuf                                     bssBANK2     00141
_flags                                    bssBANK0     00065
_fputc                                    text7        00587
_fputs                                    text6        007C0
_i2c1_fsmStateTable                       stringtext1  007E4
_main                                     maintext     00280
_pad                                      text5        006CD
_prec                                     bssBANK1     000BF
_putch                                    text8        00003
_rd1RegCompleteHandler                    (abs)        00000
_rd2RegCompleteHandler                    (abs)        00000
_rdBlkRegCompleteHandler                  (abs)        00000
_read_prec_or_width                       text11       0052B
_second_has_passed                        bssBANK1     000C3
_sprintf                                  text1        0079C
_timer1ReloadVal                          bssCOMMON    0007A
_utoa                                     text4        00426
_vfpfcnvrt                                text3        0017A
_vfprintf                                 text2        00FC3
_width                                    bssBANK1     000BD
_wr1RegCompleteHandler                    (abs)        00000
_wr2RegCompleteHandler                    (abs)        00000
btemp                                     (abs)        0007E
btemp0                                    (abs)        0007E
btemp1                                    (abs)        0007F
clear_ram0                                clrtext      00EF3
end_of_initialization                     cinit        00032
fputc@c                                   cstackCOMMON 00072
fputc@fp                                  cstackCOMMON 00074
fputs@c                                   cstackBANK0  00028
fputs@fp                                  cstackBANK0  00026
fputs@i                                   cstackBANK0  00029
fputs@s                                   cstackBANK0  00025
int$flags                                 (abs)        0007E
intlevel0                                 functab      00000
intlevel1                                 functab      00000
intlevel2                                 functab      00000
intlevel3                                 functab      00000
intlevel4                                 functab      00000
intlevel5                                 functab      00000
ltemp0a                                   (abs)        00080
main@buf                                  cstackBANK2  00120
main@hours                                cstackBANK2  00131
main@minutes                              cstackBANK2  00135
main@seconds                              cstackBANK2  0013D
main@secs                                 cstackBANK2  00139
pad@buf                                   cstackBANK0  0002D
pad@fp                                    cstackBANK0  0002B
pad@i                                     cstackBANK0  00030
pad@p                                     cstackBANK0  0002E
read_prec_or_width@ap                     cstackCOMMON 00079
read_prec_or_width@c                      cstackBANK0  00023
read_prec_or_width@fmt                    cstackCOMMON 00078
read_prec_or_width@n                      cstackBANK0  00024
reset_vec                                 reset_vec    00000
sprintf@ap                                cstackBANK1  000C4
sprintf@f                                 cstackBANK1  000C5
sprintf@fmt                               cstackBANK0  00057
sprintf@s                                 cstackBANK0  00056
start                                     init         0001C
start_initialization                      cinit        0001E
ttemp0a                                   (abs)        0007F
utoa@d                                    cstackBANK0  00034
utoa@fp                                   cstackBANK0  00032
utoa@i                                    cstackBANK0  0003C
utoa@p                                    cstackBANK0  00039
utoa@w                                    cstackBANK0  0003A
vfpfcnvrt@ap                              cstackBANK0  00041
vfpfcnvrt@c                               cstackBANK0  0004B
vfpfcnvrt@convarg                         cstackBANK0  00046
vfpfcnvrt@cp                              cstackBANK0  0004C
vfpfcnvrt@done                            cstackBANK0  0004A
vfpfcnvrt@fmt                             cstackBANK0  00040
vfpfcnvrt@fp                              cstackBANK0  0003E
vfprintf@ap                               cstackBANK0  00052
vfprintf@cfmt                             cstackBANK0  00054
vfprintf@fmt                              cstackBANK0  00050
vfprintf@fp                               cstackBANK0  0004E
wtemp0                                    (abs)        0007E
wtemp0a                                   (abs)        0007F


MODULE INFORMATION

Module		Function		Class		Link	Load	Size
C:\Program Files\Microchip\xc8\v3.10\pic\sources\c99\common\putch.c
		_putch         		CODE           	0003	0000	1

C:\Program Files\Microchip\xc8\v3.10\pic\sources\c99\common\putch.c estimated size: 1

mcc_generated_files/i2c1_master.c
		_I2C1_Initialize		CODE           	0F19	0000	10

mcc_generated_files/i2c1_master.c estimated size: 10

C:\Program Files\Microchip\xc8\v3.10\pic\sources\c99\common\llmod.c
		___llmod       		CODE           	0684	0000	73

C:\Program Files\Microchip\xc8\v3.10\pic\sources\c99\common\llmod.c estimated size: 73

mcc_generated_files/interrupt_manager.c
		_INTERRUPT_InterruptManager		CODE           	0004	0000	24

mcc_generated_files/interrupt_manager.c estimated size: 24

C:\Program Files\Microchip\xc8\v3.10\pic\sources\c99\common\nf_fputs.c
		_fputs         		CODE           	07C0	0000	36

C:\Program Files\Microchip\xc8\v3.10\pic\sources\c99\common\nf_fputs.c estimated size: 36

mcc_generated_files/pin_manager.c
		_PIN_MANAGER_Initialize		CODE           	0713	0000	70

mcc_generated_files/pin_manager.c estimated size: 70

I2C/i2c.c
		_ReadI2C       		CODE           	0F8D	0000	26
		_WriteI2C      		CODE           	0639	0000	75
		_OpenI2C       		CODE           	0F23	0000	13

I2C/i2c.c estimated size: 114

LCD/lcd.c
		_LCDinit       		CODE           	04AF	0000	124
		_LCDsend       		CODE           	0759	0000	67
		_LCDsend2x4    		CODE           	0375	0000	177
		_LCDstr        		CODE           	0F64	0000	19
		_LCDchar       		CODE           	0F00	0000	8
		_LCDbusy       		CODE           	0F51	0000	19
		_LCDrecv       		CODE           	0036	0000	324
		_LCDcmd        		CODE           	0EF9	0000	7

LCD/lcd.c estimated size: 745

C:\Program Files\Microchip\xc8\v3.10\pic\sources\c99\common\nf_sprintf.c
		_sprintf       		CODE           	079C	0000	36

C:\Program Files\Microchip\xc8\v3.10\pic\sources\c99\common\nf_sprintf.c estimated size: 36

shared
		__initialization		CODE           	001E	0000	20
		_i2c1_fsmStateTable		STRCODE        	07E4	0000	32

shared estimated size: 52

mcc_generated_files/mcc.c
		_PMD_Initialize		CODE           	0F08	0000	8
		_OSCILLATOR_Initialize		CODE           	0F10	0000	9
		_SYSTEM_Initialize		CODE           	0F30	0000	16

mcc_generated_files/mcc.c estimated size: 33

C:\Program Files\Microchip\xc8\v3.10\pic\sources\c99\common\nf_fputc.c
		_fputc         		CODE           	0587	0000	89

C:\Program Files\Microchip\xc8\v3.10\pic\sources\c99\common\nf_fputc.c estimated size: 89

mcc_generated_files/tmr1.c
		_TMR1_Initialize		CODE           	0FA7	0000	28
		_TMR1_SetInterruptHandler		CODE           	0EED	0000	6
		_TMR1_DefaultInterruptHandler		CODE           	0EE9	0000	4
		_TMR1_WriteTimer		CODE           	0F40	0000	17
		_TMR1_ISR      		CODE           	0F77	0000	22

mcc_generated_files/tmr1.c estimated size: 77

C:\Program Files\Microchip\xc8\v3.10\pic\sources\c99\common\__lldiv.c
		___lldiv       		CODE           	05E0	0000	89

C:\Program Files\Microchip\xc8\v3.10\pic\sources\c99\common\__lldiv.c estimated size: 89

C:\Program Files\Microchip\xc8\v3.10\pic\sources\c99\common\doprnt.c
		_read_prec_or_width		CODE           	052B	0000	92
		_vfpfcnvrt     		CODE           	017A	0000	262
		_pad           		CODE           	06CD	0000	70
		_vfprintf      		CODE           	0FC3	0000	30
		_utoa          		CODE           	0426	0000	137

C:\Program Files\Microchip\xc8\v3.10\pic\sources\c99\common\doprnt.c estimated size: 591

main.c
		_main          		CODE           	0280	0000	245

main.c estimated size: 245

C:\Program Files\Microchip\xc8\v3.10\pic\sources\c99\common\Umul16.c
		___wmul        		CODE           	0FE1	0000	31

C:\Program Files\Microchip\xc8\v3.10\pic\sources\c99\common\Umul16.c estimated size: 31

